Component: ARM Compiler 5.06 update 7 (build 960) Tool: armlink [4d3601]

==============================================================================

Section Cross References

    system_stm32f10x.o(i.SetSysClock) refers to system_stm32f10x.o(i.SetSysClockTo72) for SetSysClockTo72
    system_stm32f10x.o(i.SystemCoreClockUpdate) refers to system_stm32f10x.o(.data) for SystemCoreClock
    system_stm32f10x.o(i.SystemInit) refers to system_stm32f10x.o(i.SetSysClock) for SetSysClock
    stm32f10x_adc.o(i.ADC_DeInit) refers to stm32f10x_rcc.o(i.RCC_APB2PeriphResetCmd) for RCC_APB2PeriphResetCmd
    stm32f10x_bkp.o(i.BKP_DeInit) refers to stm32f10x_rcc.o(i.RCC_BackupResetCmd) for RCC_BackupResetCmd
    stm32f10x_can.o(i.CAN_DeInit) refers to stm32f10x_rcc.o(i.RCC_APB1PeriphResetCmd) for RCC_APB1PeriphResetCmd
    stm32f10x_can.o(i.CAN_GetITStatus) refers to stm32f10x_can.o(i.CheckITStatus) for CheckITStatus
    stm32f10x_cec.o(i.CEC_DeInit) refers to stm32f10x_rcc.o(i.RCC_APB1PeriphResetCmd) for RCC_APB1PeriphResetCmd
    stm32f10x_dac.o(i.DAC_DeInit) refers to stm32f10x_rcc.o(i.RCC_APB1PeriphResetCmd) for RCC_APB1PeriphResetCmd
    stm32f10x_flash.o(i.FLASH_EnableWriteProtection) refers to stm32f10x_flash.o(i.FLASH_WaitForLastOperation) for FLASH_WaitForLastOperation
    stm32f10x_flash.o(i.FLASH_EraseAllBank1Pages) refers to stm32f10x_flash.o(i.FLASH_WaitForLastBank1Operation) for FLASH_WaitForLastBank1Operation
    stm32f10x_flash.o(i.FLASH_EraseAllPages) refers to stm32f10x_flash.o(i.FLASH_WaitForLastOperation) for FLASH_WaitForLastOperation
    stm32f10x_flash.o(i.FLASH_EraseOptionBytes) refers to stm32f10x_flash.o(i.FLASH_GetReadOutProtectionStatus) for FLASH_GetReadOutProtectionStatus
    stm32f10x_flash.o(i.FLASH_EraseOptionBytes) refers to stm32f10x_flash.o(i.FLASH_WaitForLastOperation) for FLASH_WaitForLastOperation
    stm32f10x_flash.o(i.FLASH_ErasePage) refers to stm32f10x_flash.o(i.FLASH_WaitForLastOperation) for FLASH_WaitForLastOperation
    stm32f10x_flash.o(i.FLASH_ProgramHalfWord) refers to stm32f10x_flash.o(i.FLASH_WaitForLastOperation) for FLASH_WaitForLastOperation
    stm32f10x_flash.o(i.FLASH_ProgramOptionByteData) refers to stm32f10x_flash.o(i.FLASH_WaitForLastOperation) for FLASH_WaitForLastOperation
    stm32f10x_flash.o(i.FLASH_ProgramWord) refers to stm32f10x_flash.o(i.FLASH_WaitForLastOperation) for FLASH_WaitForLastOperation
    stm32f10x_flash.o(i.FLASH_ReadOutProtection) refers to stm32f10x_flash.o(i.FLASH_WaitForLastOperation) for FLASH_WaitForLastOperation
    stm32f10x_flash.o(i.FLASH_UserOptionByteConfig) refers to stm32f10x_flash.o(i.FLASH_WaitForLastOperation) for FLASH_WaitForLastOperation
    stm32f10x_flash.o(i.FLASH_WaitForLastBank1Operation) refers to stm32f10x_flash.o(i.FLASH_GetBank1Status) for FLASH_GetBank1Status
    stm32f10x_flash.o(i.FLASH_WaitForLastOperation) refers to stm32f10x_flash.o(i.FLASH_GetBank1Status) for FLASH_GetBank1Status
    stm32f10x_gpio.o(i.GPIO_AFIODeInit) refers to stm32f10x_rcc.o(i.RCC_APB2PeriphResetCmd) for RCC_APB2PeriphResetCmd
    stm32f10x_gpio.o(i.GPIO_DeInit) refers to stm32f10x_rcc.o(i.RCC_APB2PeriphResetCmd) for RCC_APB2PeriphResetCmd
    stm32f10x_i2c.o(i.I2C_DeInit) refers to stm32f10x_rcc.o(i.RCC_APB1PeriphResetCmd) for RCC_APB1PeriphResetCmd
    stm32f10x_i2c.o(i.I2C_Init) refers to stm32f10x_rcc.o(i.RCC_GetClocksFreq) for RCC_GetClocksFreq
    stm32f10x_pwr.o(i.PWR_DeInit) refers to stm32f10x_rcc.o(i.RCC_APB1PeriphResetCmd) for RCC_APB1PeriphResetCmd
    stm32f10x_rcc.o(i.RCC_GetClocksFreq) refers to stm32f10x_rcc.o(.data) for APBAHBPrescTable
    stm32f10x_rcc.o(i.RCC_WaitForHSEStartUp) refers to stm32f10x_rcc.o(i.RCC_GetFlagStatus) for RCC_GetFlagStatus
    stm32f10x_rtc.o(i.RTC_SetAlarm) refers to stm32f10x_rtc.o(i.RTC_EnterConfigMode) for RTC_EnterConfigMode
    stm32f10x_rtc.o(i.RTC_SetAlarm) refers to stm32f10x_rtc.o(i.RTC_ExitConfigMode) for RTC_ExitConfigMode
    stm32f10x_rtc.o(i.RTC_SetCounter) refers to stm32f10x_rtc.o(i.RTC_EnterConfigMode) for RTC_EnterConfigMode
    stm32f10x_rtc.o(i.RTC_SetCounter) refers to stm32f10x_rtc.o(i.RTC_ExitConfigMode) for RTC_ExitConfigMode
    stm32f10x_rtc.o(i.RTC_SetPrescaler) refers to stm32f10x_rtc.o(i.RTC_EnterConfigMode) for RTC_EnterConfigMode
    stm32f10x_rtc.o(i.RTC_SetPrescaler) refers to stm32f10x_rtc.o(i.RTC_ExitConfigMode) for RTC_ExitConfigMode
    stm32f10x_spi.o(i.I2S_Init) refers to stm32f10x_rcc.o(i.RCC_GetClocksFreq) for RCC_GetClocksFreq
    stm32f10x_spi.o(i.SPI_I2S_DeInit) refers to stm32f10x_rcc.o(i.RCC_APB2PeriphResetCmd) for RCC_APB2PeriphResetCmd
    stm32f10x_spi.o(i.SPI_I2S_DeInit) refers to stm32f10x_rcc.o(i.RCC_APB1PeriphResetCmd) for RCC_APB1PeriphResetCmd
    stm32f10x_tim.o(i.TIM_DeInit) refers to stm32f10x_rcc.o(i.RCC_APB2PeriphResetCmd) for RCC_APB2PeriphResetCmd
    stm32f10x_tim.o(i.TIM_DeInit) refers to stm32f10x_rcc.o(i.RCC_APB1PeriphResetCmd) for RCC_APB1PeriphResetCmd
[...]
    Removing stm32f10x_sdio.o(i.SDIO_GetResponse), (24 bytes).
    Removing stm32f10x_sdio.o(i.SDIO_ITConfig), (32 bytes).
    Removing stm32f10x_sdio.o(i.SDIO_Init), (48 bytes).
    Removing stm32f10x_sdio.o(i.SDIO_ReadData), (12 bytes).
    Removing stm32f10x_sdio.o(i.SDIO_SendCEATACmd), (12 bytes).
    Removing stm32f10x_sdio.o(i.SDIO_SendCommand), (44 bytes).
    Removing stm32f10x_sdio.o(i.SDIO_SendSDIOSuspendCmd), (12 bytes).
    Removing stm32f10x_sdio.o(i.SDIO_SetPowerState), (28 bytes).
    Removing stm32f10x_sdio.o(i.SDIO_SetSDIOOperation), (12 bytes).
    Removing stm32f10x_sdio.o(i.SDIO_SetSDIOReadWaitMode), (12 bytes).
    Removing stm32f10x_sdio.o(i.SDIO_StartSDIOReadWait), (12 bytes).
    Removing stm32f10x_sdio.o(i.SDIO_StopSDIOReadWait), (12 bytes).
    Removing stm32f10x_sdio.o(i.SDIO_StructInit), (16 bytes).
    Removing stm32f10x_sdio.o(i.SDIO_WriteData), (12 bytes).
    Removing stm32f10x_spi.o(i.I2S_Cmd), (24 bytes).
    Removing stm32f10x_spi.o(i.I2S_Init), (232 bytes).
    Removing stm32f10x_spi.o(i.I2S_StructInit), (20 bytes).
    Removing stm32f10x_spi.o(i.SPI_BiDirectionalLineConfig), (28 bytes).
    Removing stm32f10x_spi.o(i.SPI_CalculateCRC), (24 bytes).
    Removing stm32f10x_spi.o(i.SPI_Cmd), (24 bytes).
    Removing stm32f10x_spi.o(i.SPI_DataSizeConfig), (18 bytes).
    Removing stm32f10x_spi.o(i.SPI_GetCRC), (16 bytes).
    Removing stm32f10x_spi.o(i.SPI_GetCRCPolynomial), (6 bytes).
    Removing stm32f10x_spi.o(i.SPI_I2S_ClearFlag), (6 bytes).
    Removing stm32f10x_spi.o(i.SPI_I2S_ClearITPendingBit), (20 bytes).
    Removing stm32f10x_spi.o(i.SPI_I2S_DMACmd), (18 bytes).
    Removing stm32f10x_spi.o(i.SPI_I2S_DeInit), (88 bytes).
    Removing stm32f10x_spi.o(i.SPI_I2S_GetFlagStatus), (18 bytes).
    Removing stm32f10x_spi.o(i.SPI_I2S_GetITStatus), (52 bytes).
    Removing stm32f10x_spi.o(i.SPI_I2S_ITConfig), (32 bytes).
    Removing stm32f10x_spi.o(i.SPI_I2S_ReceiveData), (6 bytes).
    Removing stm32f10x_spi.o(i.SPI_I2S_SendData), (4 bytes).
    Removing stm32f10x_spi.o(i.SPI_Init), (60 bytes).
    Removing stm32f10x_spi.o(i.SPI_NSSInternalSoftwareConfig), (30 bytes).
    Removing stm32f10x_spi.o(i.SPI_SSOutputCmd), (24 bytes).
    Removing stm32f10x_spi.o(i.SPI_StructInit), (24 bytes).
    Removing stm32f10x_spi.o(i.SPI_TransmitCRC), (10 bytes).
    Removing stm32f10x_tim.o(i.TI1_Config), (128 bytes).
    Removing stm32f10x_tim.o(i.TI2_Config), (152 bytes).
    Removing stm32f10x_tim.o(i.TI3_Config), (144 bytes).
    Removing stm32f10x_tim.o(i.TI4_Config), (152 bytes).
    Removing stm32f10x_tim.o(i.TIM_BDTRConfig), (32 bytes).
    Removing stm32f10x_tim.o(i.TIM_BDTRStructInit), (18 bytes).
    Removing stm32f10x_tim.o(i.TIM_CCPreloadControl), (24 bytes).
    Removing stm32f10x_tim.o(i.TIM_CCxCmd), (30 bytes).
    Removing stm32f10x_tim.o(i.TIM_CCxNCmd), (30 bytes).
    Removing stm32f10x_tim.o(i.TIM_ClearFlag), (6 bytes).
    Removing stm32f10x_tim.o(i.TIM_ClearITPendingBit), (6 bytes).
    Removing stm32f10x_tim.o(i.TIM_ClearOC1Ref), (18 bytes).
    Removing stm32f10x_tim.o(i.TIM_ClearOC2Ref), (24 bytes).
    Removing stm32f10x_tim.o(i.TIM_ClearOC3Ref), (18 bytes).
    Removing stm32f10x_tim.o(i.TIM_ClearOC4Ref), (24 bytes).
    Removing stm32f10x_tim.o(i.TIM_CounterModeConfig), (18 bytes).
    Removing stm32f10x_tim.o(i.TIM_CtrlPWMOutputs), (30 bytes).
    Removing stm32f10x_tim.o(i.TIM_DMACmd), (18 bytes).
    Removing stm32f10x_tim.o(i.TIM_DMAConfig), (10 bytes).
    Removing stm32f10x_tim.o(i.TIM_DeInit), (488 bytes).
    Removing stm32f10x_tim.o(i.TIM_ETRClockMode1Config), (54 bytes).
    Removing stm32f10x_tim.o(i.TIM_ETRClockMode2Config), (32 bytes).
    Removing stm32f10x_tim.o(i.TIM_ETRConfig), (28 bytes).
    Removing stm32f10x_tim.o(i.TIM_EncoderInterfaceConfig), (66 bytes).
    Removing stm32f10x_tim.o(i.TIM_ForcedOC1Config), (18 bytes).
    Removing stm32f10x_tim.o(i.TIM_ForcedOC2Config), (26 bytes).
    Removing stm32f10x_tim.o(i.TIM_ForcedOC3Config), (18 bytes).
    Removing stm32f10x_tim.o(i.TIM_ForcedOC4Config), (26 bytes).
    Removing stm32f10x_tim.o(i.TIM_GenerateEvent), (4 bytes).
    Removing stm32f10x_tim.o(i.TIM_GetCapture1), (6 bytes).
    Removing stm32f10x_tim.o(i.TIM_GetCapture2), (6 bytes).
    Removing stm32f10x_tim.o(i.TIM_GetCapture3), (6 bytes).
    Removing stm32f10x_tim.o(i.TIM_GetCapture4), (8 bytes).
    Removing stm32f10x_tim.o(i.TIM_GetCounter), (6 bytes).
    Removing stm32f10x_tim.o(i.TIM_GetFlagStatus), (18 bytes).
    Removing stm32f10x_tim.o(i.TIM_GetITStatus), (34 bytes).
    Removing stm32f10x_tim.o(i.TIM_GetPrescaler), (6 bytes).
    Removing stm32f10x_tim.o(i.TIM_ICInit), (172 bytes).
    Removing stm32f10x_tim.o(i.TIM_ICStructInit), (18 bytes).
    Removing stm32f10x_tim.o(i.TIM_ITConfig), (18 bytes).
    Removing stm32f10x_tim.o(i.TIM_ITRxExternalClockConfig), (24 bytes).
    Removing stm32f10x_tim.o(i.TIM_InternalClockConfig), (12 bytes).
    Removing stm32f10x_tim.o(i.TIM_OC1FastConfig), (18 bytes).
    Removing stm32f10x_tim.o(i.TIM_OC1NPolarityConfig), (18 bytes).
    Removing stm32f10x_tim.o(i.TIM_OC1PolarityConfig), (18 bytes).
    Removing stm32f10x_tim.o(i.TIM_OC2FastConfig), (26 bytes).
    Removing stm32f10x_tim.o(i.TIM_OC2NPolarityConfig), (26 bytes).
    Removing stm32f10x_tim.o(i.TIM_OC2PolarityConfig), (26 bytes).
    Removing stm32f10x_tim.o(i.TIM_OC3FastConfig), (18 bytes).
    Removing stm32f10x_tim.o(i.TIM_OC3Init), (160 bytes).
    Removing stm32f10x_tim.o(i.TIM_OC3NPolarityConfig), (26 bytes).
    Removing stm32f10x_tim.o(i.TIM_OC3PolarityConfig), (26 bytes).
    Removing stm32f10x_tim.o(i.TIM_OC3PreloadConfig), (18 bytes).
    Removing stm32f10x_tim.o(i.TIM_OC4FastConfig), (26 bytes).
    Removing stm32f10x_tim.o(i.TIM_OC4Init), (124 bytes).
    Removing stm32f10x_tim.o(i.TIM_OC4PolarityConfig), (26 bytes).
    Removing stm32f10x_tim.o(i.TIM_OC4PreloadConfig), (26 bytes).
    Removing stm32f10x_tim.o(i.TIM_OCStructInit), (20 bytes).
    Removing stm32f10x_tim.o(i.TIM_PWMIConfig), (124 bytes).
    Removing stm32f10x_tim.o(i.TIM_PrescalerConfig), (6 bytes).
    Removing stm32f10x_tim.o(i.TIM_SelectCCDMA), (24 bytes).
    Removing stm32f10x_tim.o(i.TIM_SelectCOM), (24 bytes).
    Removing stm32f10x_tim.o(i.TIM_SelectHallSensor), (24 bytes).
    Removing stm32f10x_tim.o(i.TIM_SelectInputTrigger), (18 bytes).
    Removing stm32f10x_tim.o(i.TIM_SelectMasterSlaveMode), (18 bytes).
    Removing stm32f10x_tim.o(i.TIM_SelectOCxM), (82 bytes).
    Removing stm32f10x_tim.o(i.TIM_SelectOnePulseMode), (18 bytes).
    Removing stm32f10x_tim.o(i.TIM_SelectOutputTrigger), (18 bytes).
    Removing stm32f10x_tim.o(i.TIM_SelectSlaveMode), (18 bytes).
    Removing stm32f10x_tim.o(i.TIM_SetAutoreload), (4 bytes).
    Removing stm32f10x_tim.o(i.TIM_SetClockDivision), (18 bytes).
    Removing stm32f10x_tim.o(i.TIM_SetCompare3), (4 bytes).
    Removing stm32f10x_tim.o(i.TIM_SetCompare4), (6 bytes).
    Removing stm32f10x_tim.o(i.TIM_SetCounter), (4 bytes).
    Removing stm32f10x_tim.o(i.TIM_SetIC1Prescaler), (18 bytes).
    Removing stm32f10x_tim.o(i.TIM_SetIC2Prescaler), (26 bytes).
    Removing stm32f10x_tim.o(i.TIM_SetIC3Prescaler), (18 bytes).
    Removing stm32f10x_tim.o(i.TIM_SetIC4Prescaler), (26 bytes).
    Removing stm32f10x_tim.o(i.TIM_TIxExternalClockConfig), (62 bytes).
    Removing stm32f10x_tim.o(i.TIM_TimeBaseStructInit), (18 bytes).
    Removing stm32f10x_tim.o(i.TIM_UpdateDisableConfig), (24 bytes).
    Removing stm32f10x_tim.o(i.TIM_UpdateRequestConfig), (24 bytes).
    Removing stm32f10x_usart.o(i.USART_ClearFlag), (18 bytes).
    Removing stm32f10x_usart.o(i.USART_ClearITPendingBit), (30 bytes).
    Removing stm32f10x_usart.o(i.USART_ClockInit), (34 bytes).
    Removing stm32f10x_usart.o(i.USART_ClockStructInit), (12 bytes).
    Removing stm32f10x_usart.o(i.USART_DMACmd), (18 bytes).
    Removing stm32f10x_usart.o(i.USART_DeInit), (156 bytes).
    Removing stm32f10x_usart.o(i.USART_GetFlagStatus), (26 bytes).
    Removing stm32f10x_usart.o(i.USART_HalfDuplexCmd), (24 bytes).
    Removing stm32f10x_usart.o(i.USART_IrDACmd), (24 bytes).
    Removing stm32f10x_usart.o(i.USART_IrDAConfig), (18 bytes).
    Removing stm32f10x_usart.o(i.USART_LINBreakDetectLengthConfig), (18 bytes).
    Removing stm32f10x_usart.o(i.USART_LINCmd), (24 bytes).
    Removing stm32f10x_usart.o(i.USART_OneBitMethodCmd), (24 bytes).
    Removing stm32f10x_usart.o(i.USART_OverSampling8Cmd), (22 bytes).
    Removing stm32f10x_usart.o(i.USART_ReceiverWakeUpCmd), (24 bytes).
    Removing stm32f10x_usart.o(i.USART_SendBreak), (10 bytes).
    Removing stm32f10x_usart.o(i.USART_SendData), (8 bytes).
    Removing stm32f10x_usart.o(i.USART_SetAddress), (18 bytes).
    Removing stm32f10x_usart.o(i.USART_SetGuardTime), (16 bytes).
    Removing stm32f10x_usart.o(i.USART_SetPrescaler), (16 bytes).
    Removing stm32f10x_usart.o(i.USART_SmartCardCmd), (24 bytes).
    Removing stm32f10x_usart.o(i.USART_SmartCardNACKCmd), (24 bytes).
    Removing stm32f10x_usart.o(i.USART_StructInit), (24 bytes).
    Removing stm32f10x_usart.o(i.USART_WakeUpConfig), (18 bytes).
    Removing stm32f10x_wwdg.o(i.WWDG_ClearFlag), (12 bytes).
    Removing stm32f10x_wwdg.o(i.WWDG_DeInit), (22 bytes).
    Removing stm32f10x_wwdg.o(i.WWDG_Enable), (16 bytes).
    Removing stm32f10x_wwdg.o(i.WWDG_EnableIT), (12 bytes).
    Removing stm32f10x_wwdg.o(i.WWDG_GetFlagStatus), (12 bytes).
    Removing stm32f10x_wwdg.o(i.WWDG_SetCounter), (16 bytes).
    Removing stm32f10x_wwdg.o(i.WWDG_SetPrescaler), (24 bytes).
    Removing stm32f10x_wwdg.o(i.WWDG_SetWindowValue), (40 bytes).
    Removing usart.o(i.USART1_printf), (80 bytes).
    Removing delay.o(i.delay_s), (26 bytes).
    Removing sys.o(i.NVIC_Configuration), (12 bytes).
    Removing sys.o(i.RCC_Configuration), (110 bytes).

459 unused section(s) (total 17962 bytes) removed from the image.

==============================================================================

Image Symbol Table

    Local Symbols

    Symbol Name                              Value     Ov Type        Size  Object(Section)

    ../clib/angel/boardlib.s                 0x00000000   Number         0  boardinit1.o ABSOLUTE
    ../clib/angel/boardlib.s                 0x00000000   Number         0  boardinit2.o ABSOLUTE
    ../clib/angel/boardlib.s                 0x00000000   Number         0  boardinit3.o ABSOLUTE
    ../clib/angel/boardlib.s                 0x00000000   Number         0  boardshut.o ABSOLUTE
    ../clib/angel/handlers.s                 0x00000000   Number         0  __scatter_copy.o ABSOLUTE
    ../clib/angel/handlers.s                 0x00000000   Number         0  __scatter_zi.o ABSOLUTE
    ../clib/angel/kernel.s                   0x00000000   Number         0  __rtentry2.o ABSOLUTE
    ../clib/angel/kernel.s                   0x00000000   Number         0  __rtentry4.o ABSOLUTE
    ../clib/angel/kernel.s                   0x00000000   Number         0  rtexit2.o ABSOLUTE
    ../clib/angel/kernel.s                   0x00000000   Number         0  __rtentry.o ABSOLUTE
    ../clib/angel/kernel.s                   0x00000000   Number         0  rtexit.o ABSOLUTE
    ../clib/angel/rt.s                       0x00000000   Number         0  rt_errno_addr.o ABSOLUTE
    ../clib/angel/rt.s                       0x00000000   Number         0  rt_locale_intlibspace.o ABSOLUTE
    ../clib/angel/rt.s                       0x00000000   Number         0  rt_errno_addr_intlibspace.o ABSOLUTE
    ../clib/angel/rt.s                       0x00000000   Number         0  rt_locale.o ABSOLUTE
    ../clib/angel/rt.s                       0x00000000   Number         0  rt_ctype_table.o ABSOLUTE
    ../clib/angel/rt.s                       0x00000000   Number         0  rt_raise.o ABSOLUTE
    ../clib/angel/scatter.s                  0x00000000   Number         0  __scatter.o ABSOLUTE
    ../clib/angel/startup.s                  0x00000000   Number         0  __main.o ABSOLUTE
    ../clib/angel/sys.s                      0x00000000   Number         0  sys_stackheap_outer.o ABSOLUTE
    ../clib/angel/sys.s                      0x00000000   Number         0  libspace.o ABSOLUTE
    ../clib/angel/sys.s                      0x00000000   Number         0  indicate_semi.o ABSOLUTE
    ../clib/angel/sys.s                      0x00000000   Number         0  use_no_semi.o ABSOLUTE
    ../clib/angel/sysapp.c                   0x00000000   Number         0  sys_wrch.o ABSOLUTE
    ../clib/angel/sysapp.c                   0x00000000   Number         0  sys_command.o ABSOLUTE
    ../clib/armsys.c                         0x00000000   Number         0  no_argv.o ABSOLUTE
    ../clib/armsys.c                         0x00000000   Number         0  _get_argv_nomalloc.o ABSOLUTE
    ../clib/armsys.c                         0x00000000   Number         0  argv_veneer.o ABSOLUTE
    ../clib/armsys.c                         0x00000000   Number         0  argv_veneer.o ABSOLUTE
    ../clib/bigflt.c                         0x00000000   Number         0  bigflt0.o ABSOLUTE
    ../clib/btod.s                           0x00000000   Number         0  btod.o ABSOLUTE
    ../clib/heapalloc.c                      0x00000000   Number         0  hrguard.o ABSOLUTE
    ../clib/heapaux.c                        0x00000000   Number         0  heapauxi.o ABSOLUTE
    ../clib/libinit.s                        0x00000000   Number         0  libshutdown.o ABSOLUTE
    ../clib/libinit.s                        0x00000000   Number         0  libinit.o ABSOLUTE
    ../clib/libinit.s                        0x00000000   Number         0  libinit2.o ABSOLUTE
    ../clib/libinit.s                        0x00000000   Number         0  libshutdown2.o ABSOLUTE
    ../clib/locale.c                         0x00000000   Number         0  _wcrtomb.o ABSOLUTE
    ../clib/locale.s                         0x00000000   Number         0  lc_numeric_c.o ABSOLUTE
    ../clib/locale.s                         0x00000000   Number         0  lc_ctype_c.o ABSOLUTE
    ../clib/longlong.s                       0x00000000   Number         0  lludiv10.o ABSOLUTE
    ../clib/memcpset.s                       0x00000000   Number         0  rt_memclr_w.o ABSOLUTE
    ../clib/memcpset.s                       0x00000000   Number         0  rt_memclr.o ABSOLUTE
    ../clib/memcpset.s                       0x00000000   Number         0  strcmpv7m.o ABSOLUTE
    ../clib/misc.s                           0x00000000   Number         0  printf_stubs.o ABSOLUTE
    ../clib/printf.c                         0x00000000   Number         0  _printf_char_common.o ABSOLUTE
    ../clib/printf.c                         0x00000000   Number         0  __printf_ss.o ABSOLUTE
    ../clib/printf.c                         0x00000000   Number         0  __printf_flags_ss.o ABSOLUTE
    ../clib/printf.c                         0x00000000   Number         0  __printf_wp.o ABSOLUTE
    ../clib/printf.c                         0x00000000   Number         0  __printf_flags_wp.o ABSOLUTE
    ../clib/printf.c                         0x00000000   Number         0  __printf_ss_wp.o ABSOLUTE
    ../clib/printf.c                         0x00000000   Number         0  __printf_flags_ss_wp.o ABSOLUTE
    ../clib/printf.c                         0x00000000   Number         0  _printf_oct_int_ll.o ABSOLUTE
    ../clib/printf.c                         0x00000000   Number         0  _printf_fp_hex.o ABSOLUTE
    ../clib/printf.c                         0x00000000   Number         0  __printf_nopercent.o ABSOLUTE
    ../clib/printf.c                         0x00000000   Number         0  _printf_wchar.o ABSOLUTE
    ../clib/printf.c                         0x00000000   Number         0  __2printf.o ABSOLUTE
    ../clib/printf.c                         0x00000000   Number         0  _printf_oct_int.o ABSOLUTE
    ../clib/printf.c                         0x00000000   Number         0  _printf_oct_ll.o ABSOLUTE
    ../clib/printf.c                         0x00000000   Number         0  _printf_fp_dec.o ABSOLUTE
    ../clib/printf.c                         0x00000000   Number         0  _printf_longlong_dec.o ABSOLUTE
    ../clib/printf.c                         0x00000000   Number         0  _printf_hex_int_ll_ptr.o ABSOLUTE
    ../clib/printf.c                         0x00000000   Number         0  _printf_wctomb.o ABSOLUTE
    ../clib/printf.c                         0x00000000   Number         0  _printf_char_file.o ABSOLUTE
    ../clib/printf.c                         0x00000000   Number         0  _printf_char.o ABSOLUTE
    ../clib/printf.c                         0x00000000   Number         0  _printf_fp_infnan.o ABSOLUTE
    ../clib/printf.c                         0x00000000   Number         0  _snputc.o ABSOLUTE
    ../clib/printf.c                         0x00000000   Number         0  _printf_truncate.o ABSOLUTE
    ../clib/printf.c                         0x00000000   Number         0  _printf_intcommon.o ABSOLUTE
    ../clib/printf.c                         0x00000000   Number         0  _sputc.o ABSOLUTE
    ../clib/printf.c                         0x00000000   Number         0  _printf_charcount.o ABSOLUTE
    ../clib/printf.c                         0x00000000   Number         0  vsnprintf.o ABSOLUTE
    ../clib/printf.c                         0x00000000   Number         0  __printf_flags.o ABSOLUTE
    ../clib/printf.c                         0x00000000   Number         0  noretval__2printf.o ABSOLUTE
    ../clib/printf.c                         0x00000000   Number         0  __printf.o ABSOLUTE
    ../clib/printf.c                         0x00000000   Number         0  _printf_pad.o ABSOLUTE
    ../clib/printf.c                         0x00000000   Number         0  _printf_str.o ABSOLUTE
    ../clib/printf.c                         0x00000000   Number         0  _printf_dec.o ABSOLUTE
    ../clib/printf.c                         0x00000000   Number         0  _printf_hex_ll.o ABSOLUTE
    ../clib/printf.c                         0x00000000   Number         0  _printf_hex_int.o ABSOLUTE
    ../clib/printf.c                         0x00000000   Number         0  _printf_hex_int_ll.o ABSOLUTE
    ../clib/printf.c                         0x00000000   Number         0  _printf_hex_ptr.o ABSOLUTE
    ../clib/printf.c                         0x00000000   Number         0  _printf_hex_int_ptr.o ABSOLUTE
    ../clib/printf.c                         0x00000000   Number         0  _printf_hex_ll_ptr.o ABSOLUTE
    ../clib/printf_percent.s                 0x00000000   Number         0  _printf_percent_end.o ABSOLUTE
    ../clib/printf_percent.s                 0x00000000   Number         0  _printf_i.o ABSOLUTE
    ../clib/printf_percent.s                 0x00000000   Number         0  _printf_lli.o ABSOLUTE
    ../clib/printf_percent.s                 0x00000000   Number         0  _printf_o.o ABSOLUTE
    ../clib/printf_percent.s                 0x00000000   Number         0  _printf_p.o ABSOLUTE
    ../clib/printf_percent.s                 0x00000000   Number         0  _printf_llu.o ABSOLUTE
    ../clib/printf_percent.s                 0x00000000   Number         0  _printf_ll.o ABSOLUTE
    ../clib/printf_percent.s                 0x00000000   Number         0  _printf_lld.o ABSOLUTE
    ../clib/printf_percent.s                 0x00000000   Number         0  _printf_l.o ABSOLUTE
    ../clib/printf_percent.s                 0x00000000   Number         0  _printf_lc.o ABSOLUTE
    ../clib/printf_percent.s                 0x00000000   Number         0  _printf_a.o ABSOLUTE
    ../clib/printf_percent.s                 0x00000000   Number         0  _printf_ls.o ABSOLUTE
    ../clib/printf_percent.s                 0x00000000   Number         0  _printf_s.o ABSOLUTE
    ../clib/printf_percent.s                 0x00000000   Number         0  _printf_llo.o ABSOLUTE
    ../clib/printf_percent.s                 0x00000000   Number         0  _printf_g.o ABSOLUTE
    ../clib/printf_percent.s                 0x00000000   Number         0  _printf_llx.o ABSOLUTE
    ../clib/printf_percent.s                 0x00000000   Number         0  _printf_u.o ABSOLUTE
    ../clib/printf_percent.s                 0x00000000   Number         0  _printf_percent.o ABSOLUTE
    ../clib/printf_percent.s                 0x00000000   Number         0  _printf_f.o ABSOLUTE
    ../clib/printf_percent.s                 0x00000000   Number         0  _printf_d.o ABSOLUTE
    ../clib/printf_percent.s                 0x00000000   Number         0  _printf_e.o ABSOLUTE
    ../clib/printf_percent.s                 0x00000000   Number         0  _printf_x.o ABSOLUTE
    ../clib/printf_percent.s                 0x00000000   Number         0  _printf_c.o ABSOLUTE
    ../clib/printf_percent.s                 0x00000000   Number         0  _printf_n.o ABSOLUTE
    ../clib/scanf.c                          0x00000000   Number         0  _strtoul.o ABSOLUTE
    ../clib/scanf.c                          0x00000000   Number         0  atoi.o ABSOLUTE
    ../clib/scanf.c                          0x00000000   Number         0  strtol.o ABSOLUTE
    ../clib/scanf.c                          0x00000000   Number         0  _chval.o ABSOLUTE
    ../clib/signal.c                         0x00000000   Number         0  defsig_cppl_inner.o ABSOLUTE
    ../clib/signal.c                         0x00000000   Number         0  defsig_pvfn_inner.o ABSOLUTE
    ../clib/signal.c                         0x00000000   Number         0  defsig_stak_inner.o ABSOLUTE
    ../clib/signal.c                         0x00000000   Number         0  defsig_rtred_inner.o ABSOLUTE
    ../clib/signal.c                         0x00000000   Number         0  defsig_fpe_inner.o ABSOLUTE
    ../clib/signal.c                         0x00000000   Number         0  defsig_abrt_inner.o ABSOLUTE
    ../clib/signal.c                         0x00000000   Number         0  defsig_general.o ABSOLUTE
    ../clib/signal.c                         0x00000000   Number         0  __raise.o ABSOLUTE
    ../clib/signal.c                         0x00000000   Number         0  defsig_rtmem_inner.o ABSOLUTE
    ../clib/signal.c                         0x00000000   Number         0  defsig_exit.o ABSOLUTE
    ../clib/signal.c                         0x00000000   Number         0  defsig_rtmem_formal.o ABSOLUTE
    ../clib/signal.c                         0x00000000   Number         0  defsig_rtmem_outer.o ABSOLUTE
    ../clib/signal.c                         0x00000000   Number         0  defsig_segv_inner.o ABSOLUTE
    ../clib/signal.c                         0x00000000   Number         0  defsig_other.o ABSOLUTE
    ../clib/signal.s                         0x00000000   Number         0  defsig.o ABSOLUTE
    ../clib/stdio.c                          0x00000000   Number         0  ferror_locked.o ABSOLUTE
    ../clib/stdio.c                          0x00000000   Number         0  ferror.o ABSOLUTE
    ../clib/stdlib.c                         0x00000000   Number         0  exit.o ABSOLUTE
    ../clib/string.c                         0x00000000   Number         0  strlen.o ABSOLUTE
    ../fplib/fpinit.s                        0x00000000   Number         0  fpinit.o ABSOLUTE
    ../fplib/istatus.s                       0x00000000   Number         0  istatus.o ABSOLUTE
    ../fplib/printf1.s                       0x00000000   Number         0  printf1.o ABSOLUTE
    ../fplib/printf2.s                       0x00000000   Number         0  printf2.o ABSOLUTE
    ../fplib/printf2a.s                      0x00000000   Number         0  printf2a.o ABSOLUTE
    ../fplib/printf2b.s                      0x00000000   Number         0  printf2b.o ABSOLUTE
    ../fplib/usenofp.s                       0x00000000   Number         0  usenofp.o ABSOLUTE
    ../mathlib/fpclassify.c                  0x00000000   Number         0  fpclassify.o ABSOLUTE
    ..\Basic\delay\delay.c                   0x00000000   Number         0  delay.o ABSOLUTE
    ..\Basic\sys\sys.c                       0x00000000   Number         0  sys.o ABSOLUTE
    ..\Basic\usart\usart.c                   0x00000000   Number         0  usart.o ABSOLUTE
    ..\CMSIS\core_cm3.c                      0x00000000   Number         0  core_cm3.o ABSOLUTE
    ..\CMSIS\system_stm32f10x.c              0x00000000   Number         0  system_stm32f10x.o ABSOLUTE
    ..\Hardware\Steer\steer.c                0x00000000   Number         0  steer.o ABSOLUTE
    ..\Lib\src\misc.c                        0x00000000   Number         0  misc.o ABSOLUTE
    ..\Lib\src\stm32f10x_adc.c               0x00000000   Number         0  stm32f10x_adc.o ABSOLUTE
    ..\Lib\src\stm32f10x_bkp.c               0x00000000   Number         0  stm32f10x_bkp.o ABSOLUTE
    ..\Lib\src\stm32f10x_can.c               0x00000000   Number         0  stm32f10x_can.o ABSOLUTE
    ..\Lib\src\stm32f10x_cec.c               0x00000000   Number         0  stm32f10x_cec.o ABSOLUTE
    ..\Lib\src\stm32f10x_crc.c               0x00000000   Number         0  stm32f10x_crc.o ABSOLUTE
    ..\Lib\src\stm32f10x_dac.c               0x00000000   Number         0  stm32f10x_dac.o ABSOLUTE
    ..\Lib\src\stm32f10x_dbgmcu.c            0x00000000   Number         0  stm32f10x_dbgmcu.o ABSOLUTE
    ..\Lib\src\stm32f10x_dma.c               0x00000000   Number         0  stm32f10x_dma.o ABSOLUTE
    ..\Lib\src\stm32f10x_exti.c              0x00000000   Number         0  stm32f10x_exti.o ABSOLUTE
    ..\Lib\src\stm32f10x_flash.c             0x00000000   Number         0  stm32f10x_flash.o ABSOLUTE
    ..\Lib\src\stm32f10x_fsmc.c              0x00000000   Number         0  stm32f10x_fsmc.o ABSOLUTE
    ..\Lib\src\stm32f10x_gpio.c              0x00000000   Number         0  stm32f10x_gpio.o ABSOLUTE
    ..\Lib\src\stm32f10x_i2c.c               0x00000000   Number         0  stm32f10x_i2c.o ABSOLUTE
    ..\Lib\src\stm32f10x_iwdg.c              0x00000000   Number         0  stm32f10x_iwdg.o ABSOLUTE
    ..\Lib\src\stm32f10x_pwr.c               0x00000000   Number         0  stm32f10x_pwr.o ABSOLUTE
    ..\Lib\src\stm32f10x_rcc.c               0x00000000   Number         0  stm32f10x_rcc.o ABSOLUTE
    ..\Lib\src\stm32f10x_rtc.c               0x00000000   Number         0  stm32f10x_rtc.o ABSOLUTE
    ..\Lib\src\stm32f10x_sdio.c              0x00000000   Number         0  stm32f10x_sdio.o ABSOLUTE
    ..\Lib\src\stm32f10x_spi.c               0x00000000   Number         0  stm32f10x_spi.o ABSOLUTE
    ..\Lib\src\stm32f10x_tim.c               0x00000000   Number         0  stm32f10x_tim.o ABSOLUTE
    ..\Lib\src\stm32f10x_usart.c             0x00000000   Number         0  stm32f10x_usart.o ABSOLUTE
    ..\Lib\src\stm32f10x_wwdg.c              0x00000000   Number         0  stm32f10x_wwdg.o ABSOLUTE
    ..\Startup\startup_stm32f10x_md.s        0x00000000   Number         0  startup_stm32f10x_md.o ABSOLUTE
    ..\User\main.c                           0x00000000   Number         0  main.o ABSOLUTE
    ..\User\stm32f10x_it.c                   0x00000000   Number         0  stm32f10x_it.o ABSOLUTE
    ..\\CMSIS\\core_cm3.c                    0x00000000   Number         0  core_cm3.o ABSOLUTE
    dc.s                                     0x00000000   Number         0  dc.o ABSOLUTE
    RESET                                    0x08000000   Section      236  startup_stm32f10x_md.o(RESET)
    !!!main                                  0x080000ec   Section        8  __main.o(!!!main)
    !!!scatter                               0x080000f4   Section       52  __scatter.o(!!!scatter)
    !!handler_copy                           0x08000128   Section       26  __scatter_copy.o(!!handler_copy)
    !!handler_zi                             0x08000144   Section       28  __scatter_zi.o(!!handler_zi)
    .ARM.Collect$$_printf_percent$$00000000  0x08000160   Section        0  _printf_percent.o(.ARM.Collect$$_printf_percent$$00000000)
    .ARM.Collect$$_printf_percent$$00000009  0x08000160   Section        6  _printf_d.o(.ARM.Collect$$_printf_percent$$00000009)
    .ARM.Collect$$_printf_percent$$0000000C  0x08000166   Section        6  _printf_x.o(.ARM.Collect$$_printf_percent$$0000000C)
    .ARM.Collect$$_printf_percent$$00000013  0x0800016c   Section        6  _printf_c.o(.ARM.Collect$$_printf_percent$$00000013)
    .ARM.Collect$$_printf_percent$$00000017  0x08000172   Section        4  _printf_percent_end.o(.ARM.Collect$$_printf_percent$$00000017)
    .ARM.Collect$$libinit$$00000000          0x08000176   Section        2  libinit.o(.ARM.Collect$$libinit$$00000000)
    .ARM.Collect$$libinit$$00000002          0x08000178   Section        0  libinit2.o(.ARM.Collect$$libinit$$00000002)
    .ARM.Collect$$libinit$$00000004          0x08000178   Section        0  libinit2.o(.ARM.Collect$$libinit$$00000004)
    .ARM.Collect$$libinit$$0000000A          0x08000178   Section        0  libinit2.o(.ARM.Collect$$libinit$$0000000A)
    .ARM.Collect$$libinit$$0000000C          0x08000178   Section        0  libinit2.o(.ARM.Collect$$libinit$$0000000C)
    .ARM.Collect$$libinit$$0000000E          0x08000178   Section        0  libinit2.o(.ARM.Collect$$libinit$$0000000E)
    .ARM.Collect$$libinit$$0000000F          0x08000178   Section        6  libinit2.o(.ARM.Collect$$libinit$$0000000F)
    .ARM.Collect$$libinit$$00000011          0x0800017e   Section        0  libinit2.o(.ARM.Collect$$libinit$$00000011)
    .ARM.Collect$$libinit$$00000012          0x0800017e   Section       12  libinit2.o(.ARM.Collect$$libinit$$00000012)
    .ARM.Collect$$libinit$$00000013          0x0800018a   Section        0  libinit2.o(.ARM.Collect$$libinit$$00000013)
    .ARM.Collect$$libinit$$00000015          0x0800018a   Section        0  libinit2.o(.ARM.Collect$$libinit$$00000015)
    .ARM.Collect$$libinit$$00000017          0x0800018a   Section        0  libinit2.o(.ARM.Collect$$libinit$$00000017)
    .ARM.Collect$$libinit$$00000019          0x0800018a   Section        0  libinit2.o(.ARM.Collect$$libinit$$00000019)
    .ARM.Collect$$libinit$$0000001B          0x0800018a   Section        0  libinit2.o(.ARM.Collect$$libinit$$0000001B)
    .ARM.Collect$$libinit$$0000001D          0x0800018a   Section        0  libinit2.o(.ARM.Collect$$libinit$$0000001D)
    .ARM.Collect$$libinit$$0000001F          0x0800018a   Section        0  libinit2.o(.ARM.Collect$$libinit$$0000001F)
    .ARM.Collect$$libinit$$00000021          0x0800018a   Section        0  libinit2.o(.ARM.Collect$$libinit$$00000021)
    .ARM.Collect$$libinit$$00000023          0x0800018a   Section        0  libinit2.o(.ARM.Collect$$libinit$$00000023)
    .ARM.Collect$$libinit$$00000025          0x0800018a   Section        0  libinit2.o(.ARM.Collect$$libinit$$00000025)
    .ARM.Collect$$libinit$$0000002C          0x0800018a   Section        0  libinit2.o(.ARM.Collect$$libinit$$0000002C)
    .ARM.Collect$$libinit$$0000002E          0x0800018a   Section        0  libinit2.o(.ARM.Collect$$libinit$$0000002E)
    .ARM.Collect$$libinit$$00000030          0x0800018a   Section        0  libinit2.o(.ARM.Collect$$libinit$$00000030)
    .ARM.Collect$$libinit$$00000032          0x0800018a   Section        0  libinit2.o(.ARM.Collect$$libinit$$00000032)
    .ARM.Collect$$libinit$$00000033          0x0800018a   Section        2  libinit2.o(.ARM.Collect$$libinit$$00000033)
    .ARM.Collect$$libshutdown$$00000000      0x0800018c   Section        2  libshutdown.o(.ARM.Collect$$libshutdown$$00000000)
    .ARM.Collect$$libshutdown$$00000002      0x0800018e   Section        0  libshutdown2.o(.ARM.Collect$$libshutdown$$00000002)
    .ARM.Collect$$libshutdown$$00000004      0x0800018e   Section        0  libshutdown2.o(.ARM.Collect$$libshutdown$$00000004)
    .ARM.Collect$$libshutdown$$00000006      0x0800018e   Section        0  libshutdown2.o(.ARM.Collect$$libshutdown$$00000006)
    .ARM.Collect$$libshutdown$$00000009      0x0800018e   Section        0  libshutdown2.o(.ARM.Collect$$libshutdown$$00000009)
    .ARM.Collect$$libshutdown$$0000000C      0x0800018e   Section        0  libshutdown2.o(.ARM.Collect$$libshutdown$$0000000C)
    .ARM.Collect$$libshutdown$$0000000E      0x0800018e   Section        0  libshutdown2.o(.ARM.Collect$$libshutdown$$0000000E)
    .ARM.Collect$$libshutdown$$00000011      0x0800018e   Section        0  libshutdown2.o(.ARM.Collect$$libshutdown$$00000011)
    .ARM.Collect$$libshutdown$$00000012      0x0800018e   Section        2  libshutdown2.o(.ARM.Collect$$libshutdown$$00000012)
    .ARM.Collect$$rtentry$$00000000          0x08000190   Section        0  __rtentry.o(.ARM.Collect$$rtentry$$00000000)
    .ARM.Collect$$rtentry$$00000002          0x08000190   Section        0  __rtentry2.o(.ARM.Collect$$rtentry$$00000002)
    .ARM.Collect$$rtentry$$00000004          0x08000190   Section        6  __rtentry4.o(.ARM.Collect$$rtentry$$00000004)
    .ARM.Collect$$rtentry$$00000009          0x08000196   Section        0  __rtentry2.o(.ARM.Collect$$rtentry$$00000009)
    .ARM.Collect$$rtentry$$0000000A          0x08000196   Section        4  __rtentry2.o(.ARM.Collect$$rtentry$$0000000A)
    .ARM.Collect$$rtentry$$0000000C          0x0800019a   Section        0  __rtentry2.o(.ARM.Collect$$rtentry$$0000000C)
    .ARM.Collect$$rtentry$$0000000D          0x0800019a   Section        8  __rtentry2.o(.ARM.Collect$$rtentry$$0000000D)
    .ARM.Collect$$rtexit$$00000000           0x080001a2   Section        2  rtexit.o(.ARM.Collect$$rtexit$$00000000)
    .ARM.Collect$$rtexit$$00000002           0x080001a4   Section        0  rtexit2.o(.ARM.Collect$$rtexit$$00000002)
    .ARM.Collect$$rtexit$$00000003           0x080001a4   Section        4  rtexit2.o(.ARM.Collect$$rtexit$$00000003)
    .ARM.Collect$$rtexit$$00000004           0x080001a8   Section        6  rtexit2.o(.ARM.Collect$$rtexit$$00000004)
    .text                                    0x080001b0   Section       64  startup_stm32f10x_md.o(.text)
    .text                                    0x080001f0   Section        0  __2printf.o(.text)
    .text                                    0x08000208   Section        0  _printf_pad.o(.text)
    .text                                    0x08000256   Section        0  _printf_str.o(.text)
    .text                                    0x080002a8   Section        0  _printf_dec.o(.text)
    .text                                    0x08000320   Section        0  _printf_hex_int_ll_ptr.o(.text)
    _printf_hex_common                       0x08000321   Thumb Code     0  _printf_hex_int_ll_ptr.o(.text)
    .text                                    0x080003b4   Section        0  __printf_flags_ss_wp.o(.text)
    .text                                    0x0800053c   Section        0  atoi.o(.text)
    .text                                    0x08000556   Section       68  rt_memclr.o(.text)
    .text                                    0x0800059a   Section        0  heapauxi.o(.text)
    .text                                    0x080005a0   Section        8  rt_errno_addr_intlibspace.o(.text)
    .text                                    0x080005a8   Section        0  _printf_intcommon.o(.text)
    .text                                    0x0800065c   Section        0  _printf_char_common.o(.text)
    _printf_input_char                       0x0800065d   Thumb Code    10  _printf_char_common.o(.text)
    .text                                    0x0800068c   Section        0  _printf_char.o(.text)
    .text                                    0x080006b8   Section        0  _printf_char_file.o(.text)
    .text                                    0x080006dc   Section        0  strtol.o(.text)
    .text                                    0x0800074c   Section       78  rt_memclr_w.o(.text)
    .text                                    0x0800079c   Section        8  libspace.o(.text)
    .text                                    0x080007a4   Section       16  rt_ctype_table.o(.text)
    .text                                    0x080007b4   Section        0  _strtoul.o(.text)
    .text                                    0x08000852   Section        0  ferror.o(.text)
    .text                                    0x0800085a   Section       74  sys_stackheap_outer.o(.text)
    .text                                    0x080008a4   Section        8  rt_locale_intlibspace.o(.text)
    .text                                    0x080008ac   Section        0  _chval.o(.text)
    .text                                    0x080008c8   Section        0  exit.o(.text)
    .text                                    0x080008dc   Section      128  strcmpv7m.o(.text)
    i.BusFault_Handler                       0x0800095c   Section        0  stm32f10x_it.o(i.BusFault_Handler)
    i.DebugMon_Handler                       0x08000960   Section        0  stm32f10x_it.o(i.DebugMon_Handler)
    i.GPIO_Init                              0x08000962   Section        0  stm32f10x_gpio.o(i.GPIO_Init)
    i.GPIO_ResetBits                         0x08000a78   Section        0  stm32f10x_gpio.o(i.GPIO_ResetBits)
    i.HardFault_Handler                      0x08000a7c   Section        0  stm32f10x_it.o(i.HardFault_Handler)
    i.MemManage_Handler                      0x08000a80   Section        0  stm32f10x_it.o(i.MemManage_Handler)
    i.NMI_Handler                            0x08000a84   Section        0  stm32f10x_it.o(i.NMI_Handler)
    i.NVIC_Init                              0x08000a88   Section        0  misc.o(i.NVIC_Init)
    i.PendSV_Handler                         0x08000af8   Section        0  stm32f10x_it.o(i.PendSV_Handler)
    i.RCC_APB1PeriphClockCmd                 0x08000afc   Section        0  stm32f10x_rcc.o(i.RCC_APB1PeriphClockCmd)
    i.RCC_APB2PeriphClockCmd                 0x08000b1c   Section        0  stm32f10x_rcc.o(i.RCC_APB2PeriphClockCmd)
    i.RCC_GetClocksFreq                      0x08000b3c   Section        0  stm32f10x_rcc.o(i.RCC_GetClocksFreq)
    i.SVC_Handler                            0x08000c10   Section        0  stm32f10x_it.o(i.SVC_Handler)
    i.SetSysClock                            0x08000c12   Section        0  system_stm32f10x.o(i.SetSysClock)
    SetSysClock                              0x08000c13   Thumb Code     8  system_stm32f10x.o(i.SetSysClock)
    i.SetSysClockTo72                        0x08000c1c   Section        0  system_stm32f10x.o(i.SetSysClockTo72)
    SetSysClockTo72                          0x08000c1d   Thumb Code   214  system_stm32f10x.o(i.SetSysClockTo72)
    i.Steer_GetPan                           0x08000cfc   Section        0  steer.o(i.Steer_GetPan)
    i.Steer_GetTilt                          0x08000d08   Section        0  steer.o(i.Steer_GetTilt)
    i.Steer_Init                             0x08000d14   Section        0  steer.o(i.Steer_Init)
    i.Steer_SetBoth                          0x08000ddc   Section        0  steer.o(i.Steer_SetBoth)
    i.Steer_SetPan                           0x08000e24   Section        0  steer.o(i.Steer_SetPan)
    i.Steer_SetTilt                          0x08000e4c   Section        0  steer.o(i.Steer_SetTilt)
    i.SysTick_Handler                        0x08000e74   Section        0  stm32f10x_it.o(i.SysTick_Handler)
    i.SystemInit                             0x08000e78   Section        0  system_stm32f10x.o(i.SystemInit)
    i.TIM_ARRPreloadConfig                   0x08000ed8   Section        0  stm32f10x_tim.o(i.TIM_ARRPreloadConfig)
    i.TIM_Cmd                                0x08000ef0   Section        0  stm32f10x_tim.o(i.TIM_Cmd)
    i.TIM_OC1Init                            0x08000f08   Section        0  stm32f10x_tim.o(i.TIM_OC1Init)
    i.TIM_OC1PreloadConfig                   0x08000fa0   Section        0  stm32f10x_tim.o(i.TIM_OC1PreloadConfig)
    i.TIM_OC2Init                            0x08000fb4   Section        0  stm32f10x_tim.o(i.TIM_OC2Init)
    i.TIM_OC2PreloadConfig                   0x08001058   Section        0  stm32f10x_tim.o(i.TIM_OC2PreloadConfig)
    i.TIM_SetCompare1                        0x08001072   Section        0  stm32f10x_tim.o(i.TIM_SetCompare1)
    i.TIM_SetCompare2                        0x08001076   Section        0  stm32f10x_tim.o(i.TIM_SetCompare2)
    i.TIM_TimeBaseInit                       0x0800107c   Section        0  stm32f10x_tim.o(i.TIM_TimeBaseInit)
    i.UART_GetOverflow                       0x08001120   Section        0  usart.o(i.UART_GetOverflow)
    i.UART_ReadByte                          0x08001130   Section        0  usart.o(i.UART_ReadByte)
    i.USART1_IRQHandler                      0x08001174   Section        0  usart.o(i.USART1_IRQHandler)
    i.USART1_Init                            0x080011d8   Section        0  usart.o(i.USART1_Init)
    i.USART_Cmd                              0x0800127c   Section        0  stm32f10x_usart.o(i.USART_Cmd)
    i.USART_GetITStatus                      0x08001294   Section        0  stm32f10x_usart.o(i.USART_GetITStatus)
    i.USART_ITConfig                         0x080012e8   Section        0  stm32f10x_usart.o(i.USART_ITConfig)
    i.USART_Init                             0x08001334   Section        0  stm32f10x_usart.o(i.USART_Init)
    i.USART_ReceiveData                      0x0800140c   Section        0  stm32f10x_usart.o(i.USART_ReceiveData)
    i.UsageFault_Handler                     0x08001416   Section        0  stm32f10x_it.o(i.UsageFault_Handler)
    i._is_digit                              0x0800141a   Section        0  __printf_wp.o(i._is_digit)
    i._sys_exit                              0x08001428   Section        0  usart.o(i._sys_exit)
    i.angle_to_pulse                         0x0800142c   Section        0  steer.o(i.angle_to_pulse)
    angle_to_pulse                           0x0800142d   Thumb Code    28  steer.o(i.angle_to_pulse)
    i.delay_init                             0x08001448   Section        0  delay.o(i.delay_init)
    i.delay_ms                               0x0800144a   Section        0  delay.o(i.delay_ms)
    i.delay_us                               0x08001464   Section        0  delay.o(i.delay_us)
    i.fputc                                  0x08001494   Section        0  usart.o(i.fputc)
    i.main                                   0x080014b0   Section        0  main.o(i.main)
    i.parse_command                          0x080016ac   Section        0  main.o(i.parse_command)
    parse_command                            0x080016ad   Thumb Code   362  main.o(i.parse_command)
    locale$$code                             0x080018e0   Section       44  lc_ctype_c.o(locale$$code)
    .constdata                               0x0800190c   Section       40  _printf_hex_int_ll_ptr.o(.constdata)
    uc_hextab                                0x0800190c   Data          20  _printf_hex_int_ll_ptr.o(.constdata)
    lc_hextab                                0x08001920   Data          20  _printf_hex_int_ll_ptr.o(.constdata)
    .constdata                               0x08001934   Section       17  __printf_flags_ss_wp.o(.constdata)
    maptable                                 0x08001934   Data          17  __printf_flags_ss_wp.o(.constdata)
    locale$$data                             0x08001968   Section      272  lc_ctype_c.o(locale$$data)
    __lcctype_c_name                         0x0800196c   Data           2  lc_ctype_c.o(locale$$data)
    __lcctype_c_start                        0x08001974   Data           0  lc_ctype_c.o(locale$$data)
    __lcctype_c_end                          0x08001a78   Data           0  lc_ctype_c.o(locale$$data)
    .data                                    0x20000000   Section       20  stm32f10x_rcc.o(.data)
    APBAHBPrescTable                         0x20000000   Data          16  stm32f10x_rcc.o(.data)
    ADCPrescTable                            0x20000010   Data           4  stm32f10x_rcc.o(.data)
    .data                                    0x20000014   Section        1  main.o(.data)
    .data                                    0x20000016   Section        4  steer.o(.data)
    pan_angle                                0x20000016   Data           2  steer.o(.data)
    tilt_angle                               0x20000018   Data           2  steer.o(.data)
    .data                                    0x2000001c   Section       12  usart.o(.data)
    rx_head                                  0x2000001c   Data           2  usart.o(.data)
    rx_tail                                  0x2000001e   Data           2  usart.o(.data)
    rx_overflow                              0x20000020   Data           2  usart.o(.data)
    .bss                                     0x20000028   Section       16  main.o(.bss)
    .bss                                     0x20000038   Section      128  usart.o(.bss)
    rx_buf                                   0x20000038   Data         128  usart.o(.bss)
    .bss                                     0x200000b8   Section       96  libspace.o(.bss)
    HEAP                                     0x20000118   Section      512  startup_stm32f10x_md.o(HEAP)
    Heap_Mem                                 0x20000118   Data         512  startup_stm32f10x_md.o(HEAP)
    STACK                                    0x20000318   Section     1024  startup_stm32f10x_md.o(STACK)
    Stack_Mem                                0x20000318   Data        1024  startup_stm32f10x_md.o(STACK)
    __initial_sp                             0x20000718   Data           0  startup_stm32f10x_md.o(STACK)

    Global Symbols

    Symbol Name                              Value     Ov Type        Size  Object(Section)

    BuildAttributes$$THM_ISAv4$P$D$K$B$S$PE$A:L22UL41UL21$X:L11$S22US41US21$IEEE1$IW$USESV6$~STKCKD$USESV7$~SHL$OTIME$ROPI$IEEEJ$EBA8$UX$STANDARDLIB$REQ8$PRES8$EABIv2 0x00000000   Number         0  anon$$obj.o ABSOLUTE
    __ARM_use_no_argv                        0x00000000   Number         0  main.o ABSOLUTE
    _printf_flags                            0x00000000   Number         0  printf_stubs.o ABSOLUTE
    _printf_return_value                     0x00000000   Number         0  printf_stubs.o ABSOLUTE
    _printf_sizespec                         0x00000000   Number         0  printf_stubs.o ABSOLUTE
    _printf_widthprec                        0x00000000   Number         0  printf_stubs.o ABSOLUTE
    __ARM_exceptions_init                     - Undefined Weak Reference
    __alloca_initialize                       - Undefined Weak Reference
    __arm_fini_                               - Undefined Weak Reference
    __arm_preinit_                            - Undefined Weak Reference
    __cpp_initialize__aeabi_                  - Undefined Weak Reference
    __cxa_finalize                            - Undefined Weak Reference
    __sigvec_lookup                           - Undefined Weak Reference
    _atexit_init                              - Undefined Weak Reference
    _call_atexit_fns                          - Undefined Weak Reference
    _clock_init                               - Undefined Weak Reference
    _fp_trap_init                             - Undefined Weak Reference
    _fp_trap_shutdown                         - Undefined Weak Reference
    _get_lc_collate                           - Undefined Weak Reference
    _get_lc_monetary                          - Undefined Weak Reference
    _get_lc_time                              - Undefined Weak Reference
    _getenv_init                              - Undefined Weak Reference
    _handle_redirection                       - Undefined Weak Reference
    _init_alloc                               - Undefined Weak Reference
    _init_user_alloc                          - Undefined Weak Reference
    _initio                                   - Undefined Weak Reference
    _mutex_acquire                            - Undefined Weak Reference
    _mutex_release                            - Undefined Weak Reference
    _printf_mbtowc                            - Undefined Weak Reference
    _printf_wc                                - Undefined Weak Reference
    _rand_init                                - Undefined Weak Reference
    _signal_finish                            - Undefined Weak Reference
    _signal_init                              - Undefined Weak Reference
    _terminate_alloc                          - Undefined Weak Reference
    _terminate_user_alloc                     - Undefined Weak Reference
    _terminateio                              - Undefined Weak Reference
    __Vectors_Size                           0x000000ec   Number         0  startup_stm32f10x_md.o ABSOLUTE
    __Vectors                                0x08000000   Data           4  startup_stm32f10x_md.o(RESET)
    __Vectors_End                            0x080000ec   Data           0  startup_stm32f10x_md.o(RESET)
    __main                                   0x080000ed   Thumb Code     8  __main.o(!!!main)
    __scatterload                            0x080000f5   Thumb Code     0  __scatter.o(!!!scatter)
    __scatterload_rt2                        0x080000f5   Thumb Code    44  __scatter.o(!!!scatter)
    __scatterload_rt2_thumb_only             0x080000f5   Thumb Code     0  __scatter.o(!!!scatter)
    __scatterload_null                       0x08000103   Thumb Code     0  __scatter.o(!!!scatter)
    __scatterload_copy                       0x08000129   Thumb Code    26  __scatter_copy.o(!!handler_copy)
    __scatterload_zeroinit                   0x08000145   Thumb Code    28  __scatter_zi.o(!!handler_zi)
    _printf_d                                0x08000161   Thumb Code     0  _printf_d.o(.ARM.Collect$$_printf_percent$$00000009)
    _printf_percent                          0x08000161   Thumb Code     0  _printf_percent.o(.ARM.Collect$$_printf_percent$$00000000)
    _printf_x                                0x08000167   Thumb Code     0  _printf_x.o(.ARM.Collect$$_printf_percent$$0000000C)
    _printf_c                                0x0800016d   Thumb Code     0  _printf_c.o(.ARM.Collect$$_printf_percent$$00000013)
    _printf_percent_end                      0x08000173   Thumb Code     0  _printf_percent_end.o(.ARM.Collect$$_printf_percent$$00000017)
    __rt_lib_init                            0x08000177   Thumb Code     0  libinit.o(.ARM.Collect$$libinit$$00000000)
    __rt_lib_init_fp_1                       0x08000179   Thumb Code     0  libinit2.o(.ARM.Collect$$libinit$$00000002)
    __rt_lib_init_heap_1                     0x08000179   Thumb Code     0  libinit2.o(.ARM.Collect$$libinit$$0000000A)
    __rt_lib_init_lc_common                  0x08000179   Thumb Code     0  libinit2.o(.ARM.Collect$$libinit$$0000000F)
    __rt_lib_init_preinit_1                  0x08000179   Thumb Code     0  libinit2.o(.ARM.Collect$$libinit$$00000004)
    __rt_lib_init_rand_1                     0x08000179   Thumb Code     0  libinit2.o(.ARM.Collect$$libinit$$0000000E)
    __rt_lib_init_user_alloc_1               0x08000179   Thumb Code     0  libinit2.o(.ARM.Collect$$libinit$$0000000C)
    __rt_lib_init_lc_collate_1               0x0800017f   Thumb Code     0  libinit2.o(.ARM.Collect$$libinit$$00000011)
    __rt_lib_init_lc_ctype_2                 0x0800017f   Thumb Code     0  libinit2.o(.ARM.Collect$$libinit$$00000012)
    __rt_lib_init_alloca_1                   0x0800018b   Thumb Code     0  libinit2.o(.ARM.Collect$$libinit$$0000002E)
    __rt_lib_init_argv_1                     0x0800018b   Thumb Code     0  libinit2.o(.ARM.Collect$$libinit$$0000002C)
    __rt_lib_init_atexit_1                   0x0800018b   Thumb Code     0  libinit2.o(.ARM.Collect$$libinit$$0000001B)
    __rt_lib_init_clock_1                    0x0800018b   Thumb Code     0  libinit2.o(.ARM.Collect$$libinit$$00000021)
    __rt_lib_init_cpp_1                      0x0800018b   Thumb Code     0  libinit2.o(.ARM.Collect$$libinit$$00000032)
    __rt_lib_init_exceptions_1               0x0800018b   Thumb Code     0  libinit2.o(.ARM.Collect$$libinit$$00000030)
    __rt_lib_init_fp_trap_1                  0x0800018b   Thumb Code     0  libinit2.o(.ARM.Collect$$libinit$$0000001F)
    __rt_lib_init_getenv_1                   0x0800018b   Thumb Code     0  libinit2.o(.ARM.Collect$$libinit$$00000023)
    __rt_lib_init_lc_ctype_1                 0x0800018b   Thumb Code     0  libinit2.o(.ARM.Collect$$libinit$$00000013)
    __rt_lib_init_lc_monetary_1              0x0800018b   Thumb Code     0  libinit2.o(.ARM.Collect$$libinit$$00000015)
    __rt_lib_init_lc_numeric_1               0x0800018b   Thumb Code     0  libinit2.o(.ARM.Collect$$libinit$$00000017)
    __rt_lib_init_lc_time_1                  0x0800018b   Thumb Code     0  libinit2.o(.ARM.Collect$$libinit$$00000019)
    __rt_lib_init_return                     0x0800018b   Thumb Code     0  libinit2.o(.ARM.Collect$$libinit$$00000033)
    __rt_lib_init_signal_1                   0x0800018b   Thumb Code     0  libinit2.o(.ARM.Collect$$libinit$$0000001D)
    __rt_lib_init_stdio_1                    0x0800018b   Thumb Code     0  libinit2.o(.ARM.Collect$$libinit$$00000025)
    __rt_lib_shutdown                        0x0800018d   Thumb Code     0  libshutdown.o(.ARM.Collect$$libshutdown$$00000000)
    __rt_lib_shutdown_cpp_1                  0x0800018f   Thumb Code     0  libshutdown2.o(.ARM.Collect$$libshutdown$$00000004)
    __rt_lib_shutdown_fini_1                 0x0800018f   Thumb Code     0  libshutdown2.o(.ARM.Collect$$libshutdown$$00000002)
    __rt_lib_shutdown_fp_trap_1              0x0800018f   Thumb Code     0  libshutdown2.o(.ARM.Collect$$libshutdown$$00000009)
    __rt_lib_shutdown_heap_1                 0x0800018f   Thumb Code     0  libshutdown2.o(.ARM.Collect$$libshutdown$$00000011)
    __rt_lib_shutdown_return                 0x0800018f   Thumb Code     0  libshutdown2.o(.ARM.Collect$$libshutdown$$00000012)
    __rt_lib_shutdown_signal_1               0x0800018f   Thumb Code     0  libshutdown2.o(.ARM.Collect$$libshutdown$$0000000C)
    __rt_lib_shutdown_stdio_1                0x0800018f   Thumb Code     0  libshutdown2.o(.ARM.Collect$$libshutdown$$00000006)
    __rt_lib_shutdown_user_alloc_1           0x0800018f   Thumb Code     0  libshutdown2.o(.ARM.Collect$$libshutdown$$0000000E)
    __rt_entry                               0x08000191   Thumb Code     0  __rtentry.o(.ARM.Collect$$rtentry$$00000000)
    __rt_entry_presh_1                       0x08000191   Thumb Code     0  __rtentry2.o(.ARM.Collect$$rtentry$$00000002)
    __rt_entry_sh                            0x08000191   Thumb Code     0  __rtentry4.o(.ARM.Collect$$rtentry$$00000004)
    __rt_entry_li                            0x08000197   Thumb Code     0  __rtentry2.o(.ARM.Collect$$rtentry$$0000000A)
    __rt_entry_postsh_1                      0x08000197   Thumb Code     0  __rtentry2.o(.ARM.Collect$$rtentry$$00000009)
    __rt_entry_main                          0x0800019b   Thumb Code     0  __rtentry2.o(.ARM.Collect$$rtentry$$0000000D)
    __rt_entry_postli_1                      0x0800019b   Thumb Code     0  __rtentry2.o(.ARM.Collect$$rtentry$$0000000C)
    __rt_exit                                0x080001a3   Thumb Code     0  rtexit.o(.ARM.Collect$$rtexit$$00000000)
    __rt_exit_ls                             0x080001a5   Thumb Code     0  rtexit2.o(.ARM.Collect$$rtexit$$00000003)
    __rt_exit_prels_1                        0x080001a5   Thumb Code     0  rtexit2.o(.ARM.Collect$$rtexit$$00000002)
    __rt_exit_exit                           0x080001a9   Thumb Code     0  rtexit2.o(.ARM.Collect$$rtexit$$00000004)
    Reset_Handler                            0x080001b1   Thumb Code     8  startup_stm32f10x_md.o(.text)
    ADC1_2_IRQHandler                        0x080001cb   Thumb Code     0  startup_stm32f10x_md.o(.text)
    CAN1_RX1_IRQHandler                      0x080001cb   Thumb Code     0  startup_stm32f10x_md.o(.text)
    CAN1_SCE_IRQHandler                      0x080001cb   Thumb Code     0  startup_stm32f10x_md.o(.text)
    DMA1_Channel1_IRQHandler                 0x080001cb   Thumb Code     0  startup_stm32f10x_md.o(.text)
    DMA1_Channel2_IRQHandler                 0x080001cb   Thumb Code     0  startup_stm32f10x_md.o(.text)
    DMA1_Channel3_IRQHandler                 0x080001cb   Thumb Code     0  startup_stm32f10x_md.o(.text)
    DMA1_Channel4_IRQHandler                 0x080001cb   Thumb Code     0  startup_stm32f10x_md.o(.text)
    DMA1_Channel5_IRQHandler                 0x080001cb   Thumb Code     0  startup_stm32f10x_md.o(.text)
    DMA1_Channel6_IRQHandler                 0x080001cb   Thumb Code     0  startup_stm32f10x_md.o(.text)
    DMA1_Channel7_IRQHandler                 0x080001cb   Thumb Code     0  startup_stm32f10x_md.o(.text)
    EXTI0_IRQHandler                         0x080001cb   Thumb Code     0  startup_stm32f10x_md.o(.text)
    EXTI15_10_IRQHandler                     0x080001cb   Thumb Code     0  startup_stm32f10x_md.o(.text)
    EXTI1_IRQHandler                         0x080001cb   Thumb Code     0  startup_stm32f10x_md.o(.text)
    EXTI2_IRQHandler                         0x080001cb   Thumb Code     0  startup_stm32f10x_md.o(.text)
    EXTI3_IRQHandler                         0x080001cb   Thumb Code     0  startup_stm32f10x_md.o(.text)
    EXTI4_IRQHandler                         0x080001cb   Thumb Code     0  startup_stm32f10x_md.o(.text)
    EXTI9_5_IRQHandler                       0x080001cb   Thumb Code     0  startup_stm32f10x_md.o(.text)
    FLASH_IRQHandler                         0x080001cb   Thumb Code     0  startup_stm32f10x_md.o(.text)
    I2C1_ER_IRQHandler                       0x080001cb   Thumb Code     0  startup_stm32f10x_md.o(.text)
    I2C1_EV_IRQHandler                       0x080001cb   Thumb Code     0  startup_stm32f10x_md.o(.text)
    I2C2_ER_IRQHandler                       0x080001cb   Thumb Code     0  startup_stm32f10x_md.o(.text)
    I2C2_EV_IRQHandler                       0x080001cb   Thumb Code     0  startup_stm32f10x_md.o(.text)
    PVD_IRQHandler                           0x080001cb   Thumb Code     0  startup_stm32f10x_md.o(.text)
    RCC_IRQHandler                           0x080001cb   Thumb Code     0  startup_stm32f10x_md.o(.text)
    RTCAlarm_IRQHandler                      0x080001cb   Thumb Code     0  startup_stm32f10x_md.o(.text)
    RTC_IRQHandler                           0x080001cb   Thumb Code     0  startup_stm32f10x_md.o(.text)
    SPI1_IRQHandler                          0x080001cb   Thumb Code     0  startup_stm32f10x_md.o(.text)
    SPI2_IRQHandler                          0x080001cb   Thumb Code     0  startup_stm32f10x_md.o(.text)
    TAMPER_IRQHandler                        0x080001cb   Thumb Code     0  startup_stm32f10x_md.o(.text)
    TIM1_BRK_IRQHandler                      0x080001cb   Thumb Code     0  startup_stm32f10x_md.o(.text)
    TIM1_CC_IRQHandler                       0x080001cb   Thumb Code     0  startup_stm32f10x_md.o(.text)
    TIM1_TRG_COM_IRQHandler                  0x080001cb   Thumb Code     0  startup_stm32f10x_md.o(.text)
    TIM1_UP_IRQHandler                       0x080001cb   Thumb Code     0  startup_stm32f10x_md.o(.text)
    TIM2_IRQHandler                          0x080001cb   Thumb Code     0  startup_stm32f10x_md.o(.text)
    TIM3_IRQHandler                          0x080001cb   Thumb Code     0  startup_stm32f10x_md.o(.text)
    TIM4_IRQHandler                          0x080001cb   Thumb Code     0  startup_stm32f10x_md.o(.text)
    USART2_IRQHandler                        0x080001cb   Thumb Code     0  startup_stm32f10x_md.o(.text)
    USART3_IRQHandler                        0x080001cb   Thumb Code     0  startup_stm32f10x_md.o(.text)
    USBWakeUp_IRQHandler                     0x080001cb   Thumb Code     0  startup_stm32f10x_md.o(.text)
    USB_HP_CAN1_TX_IRQHandler                0x080001cb   Thumb Code     0  startup_stm32f10x_md.o(.text)
    USB_LP_CAN1_RX0_IRQHandler               0x080001cb   Thumb Code     0  startup_stm32f10x_md.o(.text)
    WWDG_IRQHandler                          0x080001cb   Thumb Code     0  startup_stm32f10x_md.o(.text)
    __user_initial_stackheap                 0x080001cd   Thumb Code     0  startup_stm32f10x_md.o(.text)
    __2printf                                0x080001f1   Thumb Code    20  __2printf.o(.text)
    _printf_pre_padding                      0x08000209   Thumb Code    44  _printf_pad.o(.text)
    _printf_post_padding                     0x08000235   Thumb Code    34  _printf_pad.o(.text)
    _printf_str                              0x08000257   Thumb Code    82  _printf_str.o(.text)
    _printf_int_dec                          0x080002a9   Thumb Code   104  _printf_dec.o(.text)
    _printf_longlong_hex                     0x08000321   Thumb Code    86  _printf_hex_int_ll_ptr.o(.text)
    _printf_int_hex                          0x08000377   Thumb Code    28  _printf_hex_int_ll_ptr.o(.text)
    _printf_ll_hex                           0x08000393   Thumb Code    12  _printf_hex_int_ll_ptr.o(.text)
    _printf_hex_ptr                          0x0800039f   Thumb Code    18  _printf_hex_int_ll_ptr.o(.text)
    __printf                                 0x080003b5   Thumb Code   388  __printf_flags_ss_wp.o(.text)
    atoi                                     0x0800053d   Thumb Code    26  atoi.o(.text)
    __aeabi_memclr                           0x08000557   Thumb Code     0  rt_memclr.o(.text)
    __rt_memclr                              0x08000557   Thumb Code    68  rt_memclr.o(.text)
    _memset                                  0x0800055b   Thumb Code     0  rt_memclr.o(.text)
    __use_two_region_memory                  0x0800059b   Thumb Code     2  heapauxi.o(.text)
    __rt_heap_escrow$2region                 0x0800059d   Thumb Code     2  heapauxi.o(.text)
    __rt_heap_expand$2region                 0x0800059f   Thumb Code     2  heapauxi.o(.text)
    __aeabi_errno_addr                       0x080005a1   Thumb Code     8  rt_errno_addr_intlibspace.o(.text)
    __errno$intlibspace                      0x080005a1   Thumb Code     0  rt_errno_addr_intlibspace.o(.text)
    __rt_errno_addr$intlibspace              0x080005a1   Thumb Code     0  rt_errno_addr_intlibspace.o(.text)
    _printf_int_common                       0x080005a9   Thumb Code   178  _printf_intcommon.o(.text)
    _printf_char_common                      0x08000667   Thumb Code    32  _printf_char_common.o(.text)
    _printf_cs_common                        0x0800068d   Thumb Code    20  _printf_char.o(.text)
    _printf_char                             0x080006a1   Thumb Code    16  _printf_char.o(.text)
    _printf_string                           0x080006b1   Thumb Code     8  _printf_char.o(.text)
    _printf_char_file                        0x080006b9   Thumb Code    32  _printf_char_file.o(.text)
    strtol                                   0x080006dd   Thumb Code   112  strtol.o(.text)
    __aeabi_memclr4                          0x0800074d   Thumb Code     0  rt_memclr_w.o(.text)
    __aeabi_memclr8                          0x0800074d   Thumb Code     0  rt_memclr_w.o(.text)
    __rt_memclr_w                            0x0800074d   Thumb Code    78  rt_memclr_w.o(.text)
    _memset_w                                0x08000751   Thumb Code     0  rt_memclr_w.o(.text)
    __user_libspace                          0x0800079d   Thumb Code     8  libspace.o(.text)
    __user_perproc_libspace                  0x0800079d   Thumb Code     0  libspace.o(.text)
    __user_perthread_libspace                0x0800079d   Thumb Code     0  libspace.o(.text)
    __rt_ctype_table                         0x080007a5   Thumb Code    16  rt_ctype_table.o(.text)
    _strtoul                                 0x080007b5   Thumb Code   158  _strtoul.o(.text)
    ferror                                   0x08000853   Thumb Code     8  ferror.o(.text)
    __user_setup_stackheap                   0x0800085b   Thumb Code    74  sys_stackheap_outer.o(.text)
    __rt_locale                              0x080008a5   Thumb Code     8  rt_locale_intlibspace.o(.text)
    _chval                                   0x080008ad   Thumb Code    28  _chval.o(.text)
    exit                                     0x080008c9   Thumb Code    18  exit.o(.text)
    strcmp                                   0x080008dd   Thumb Code   128  strcmpv7m.o(.text)
    BusFault_Handler                         0x0800095d   Thumb Code     4  stm32f10x_it.o(i.BusFault_Handler)
    DebugMon_Handler                         0x08000961   Thumb Code     2  stm32f10x_it.o(i.DebugMon_Handler)
    GPIO_Init                                0x08000963   Thumb Code   278  stm32f10x_gpio.o(i.GPIO_Init)
    GPIO_ResetBits                           0x08000a79   Thumb Code     4  stm32f10x_gpio.o(i.GPIO_ResetBits)
    HardFault_Handler                        0x08000a7d   Thumb Code     4  stm32f10x_it.o(i.HardFault_Handler)
    MemManage_Handler                        0x08000a81   Thumb Code     4  stm32f10x_it.o(i.MemManage_Handler)
    NMI_Handler                              0x08000a85   Thumb Code     2  stm32f10x_it.o(i.NMI_Handler)
    NVIC_Init                                0x08000a89   Thumb Code   100  misc.o(i.NVIC_Init)
    PendSV_Handler                           0x08000af9   Thumb Code     2  stm32f10x_it.o(i.PendSV_Handler)
    RCC_APB1PeriphClockCmd                   0x08000afd   Thumb Code    26  stm32f10x_rcc.o(i.RCC_APB1PeriphClockCmd)
    RCC_APB2PeriphClockCmd                   0x08000b1d   Thumb Code    26  stm32f10x_rcc.o(i.RCC_APB2PeriphClockCmd)
    RCC_GetClocksFreq                        0x08000b3d   Thumb Code   192  stm32f10x_rcc.o(i.RCC_GetClocksFreq)
    SVC_Handler                              0x08000c11   Thumb Code     2  stm32f10x_it.o(i.SVC_Handler)
    Steer_GetPan                             0x08000cfd   Thumb Code     6  steer.o(i.Steer_GetPan)
    Steer_GetTilt                            0x08000d09   Thumb Code     6  steer.o(i.Steer_GetTilt)
    Steer_Init                               0x08000d15   Thumb Code   196  steer.o(i.Steer_Init)
    Steer_SetBoth                            0x08000ddd   Thumb Code    64  steer.o(i.Steer_SetBoth)
    Steer_SetPan                             0x08000e25   Thumb Code    34  steer.o(i.Steer_SetPan)
    Steer_SetTilt                            0x08000e4d   Thumb Code    34  steer.o(i.Steer_SetTilt)
    SysTick_Handler                          0x08000e75   Thumb Code     2  stm32f10x_it.o(i.SysTick_Handler)
    SystemInit                               0x08000e79   Thumb Code    78  system_stm32f10x.o(i.SystemInit)
    TIM_ARRPreloadConfig                     0x08000ed9   Thumb Code    24  stm32f10x_tim.o(i.TIM_ARRPreloadConfig)
    TIM_Cmd                                  0x08000ef1   Thumb Code    24  stm32f10x_tim.o(i.TIM_Cmd)
    TIM_OC1Init                              0x08000f09   Thumb Code   132  stm32f10x_tim.o(i.TIM_OC1Init)
    TIM_OC1PreloadConfig                     0x08000fa1   Thumb Code    18  stm32f10x_tim.o(i.TIM_OC1PreloadConfig)
    TIM_OC2Init                              0x08000fb5   Thumb Code   154  stm32f10x_tim.o(i.TIM_OC2Init)
    TIM_OC2PreloadConfig                     0x08001059   Thumb Code    26  stm32f10x_tim.o(i.TIM_OC2PreloadConfig)
    TIM_SetCompare1                          0x08001073   Thumb Code     4  stm32f10x_tim.o(i.TIM_SetCompare1)
    TIM_SetCompare2                          0x08001077   Thumb Code     4  stm32f10x_tim.o(i.TIM_SetCompare2)
    TIM_TimeBaseInit                         0x0800107d   Thumb Code   122  stm32f10x_tim.o(i.TIM_TimeBaseInit)
    UART_GetOverflow                         0x08001121   Thumb Code    12  usart.o(i.UART_GetOverflow)
    UART_ReadByte                            0x08001131   Thumb Code    56  usart.o(i.UART_ReadByte)
    USART1_IRQHandler                        0x08001175   Thumb Code    78  usart.o(i.USART1_IRQHandler)
    USART1_Init                              0x080011d9   Thumb Code   154  usart.o(i.USART1_Init)
    USART_Cmd                                0x0800127d   Thumb Code    24  stm32f10x_usart.o(i.USART_Cmd)
    USART_GetITStatus                        0x08001295   Thumb Code    84  stm32f10x_usart.o(i.USART_GetITStatus)
    USART_ITConfig                           0x080012e9   Thumb Code    74  stm32f10x_usart.o(i.USART_ITConfig)
    USART_Init                               0x08001335   Thumb Code   210  stm32f10x_usart.o(i.USART_Init)
    USART_ReceiveData                        0x0800140d   Thumb Code    10  stm32f10x_usart.o(i.USART_ReceiveData)
    UsageFault_Handler                       0x08001417   Thumb Code     4  stm32f10x_it.o(i.UsageFault_Handler)
    _is_digit                                0x0800141b   Thumb Code    14  __printf_wp.o(i._is_digit)
    _sys_exit                                0x08001429   Thumb Code     4  usart.o(i._sys_exit)
    delay_init                               0x08001449   Thumb Code     2  delay.o(i.delay_init)
    delay_ms                                 0x0800144b   Thumb Code    26  delay.o(i.delay_ms)
    delay_us                                 0x08001465   Thumb Code    46  delay.o(i.delay_us)
    fputc                                    0x08001495   Thumb Code    24  usart.o(i.fputc)
    main                                     0x080014b1   Thumb Code   218  main.o(i.main)
    _get_lc_ctype                            0x080018e1   Thumb Code    44  lc_ctype_c.o(locale$$code)
    Region$$Table$$Base                      0x08001948   Number         0  anon$$obj.o(Region$$Table)
    Region$$Table$$Limit                     0x08001968   Number         0  anon$$obj.o(Region$$Table)
    __ctype                                  0x08001975   Data           0  lc_ctype_c.o(locale$$data)
    cmd_len                                  0x20000014   Data           1  main.o(.data)
    __stdout                                 0x20000024   Data           4  usart.o(.data)
    cmd_buf                                  0x20000028   Data          16  main.o(.bss)
    __libspace_start                         0x200000b8   Data          96  libspace.o(.bss)
    __temporary_stack_top$libspace           0x20000118   Data           0  libspace.o(.bss)



==============================================================================

Memory Map of the image

  Image Entry point : 0x080001b1

  Load Region LR_1 (Base: 0x08000000, Size: 0x00001aa0, Max: 0xffffffff, ABSOLUTE)

    Execution Region ER_RO (Exec base: 0x08000000, Load base: 0x08000000, Size: 0x00001a78, Max: 0xffffffff, ABSOLUTE)

    Exec Addr    Load Addr    Size         Type   Attr      Idx    E Section Name        Object

    0x08000000   0x08000000   0x000000ec   Data   RO         3103    RESET               startup_stm32f10x_md.o
    0x080000ec   0x080000ec   0x00000008   Code   RO         3445  * !!!main             c_w.l(__main.o)
    0x080000f4   0x080000f4   0x00000034   Code   RO         3734    !!!scatter          c_w.l(__scatter.o)
    0x08000128   0x08000128   0x0000001a   Code   RO         3736    !!handler_copy      c_w.l(__scatter_copy.o)
    0x08000142   0x08000142   0x00000002   PAD
    0x08000144   0x08000144   0x0000001c   Code   RO         3738    !!handler_zi        c_w.l(__scatter_zi.o)
    0x08000160   0x08000160   0x00000000   Code   RO         3436    .ARM.Collect$$_printf_percent$$00000000  c_w.l(_printf_percent.o)
    0x08000160   0x08000160   0x00000006   Code   RO         3435    .ARM.Collect$$_printf_percent$$00000009  c_w.l(_printf_d.o)
    0x08000166   0x08000166   0x00000006   Code   RO         3434    .ARM.Collect$$_printf_percent$$0000000C  c_w.l(_printf_x.o)
    0x0800016c   0x0800016c   0x00000006   Code   RO         3433    .ARM.Collect$$_printf_percent$$00000013  c_w.l(_printf_c.o)
    0x08000172   0x08000172   0x00000004   Code   RO         3490    .ARM.Collect$$_printf_percent$$00000017  c_w.l(_printf_percent_end.o)
    0x08000176   0x08000176   0x00000002   Code   RO         3600    .ARM.Collect$$libinit$$00000000  c_w.l(libinit.o)
    0x08000178   0x08000178   0x00000000   Code   RO         3611    .ARM.Collect$$libinit$$00000002  c_w.l(libinit2.o)
    0x08000178   0x08000178   0x00000000   Code   RO         3613    .ARM.Collect$$libinit$$00000004  c_w.l(libinit2.o)
    0x08000178   0x08000178   0x00000000   Code   RO         3616    .ARM.Collect$$libinit$$0000000A  c_w.l(libinit2.o)
    0x08000178   0x08000178   0x00000000   Code   RO         3618    .ARM.Collect$$libinit$$0000000C  c_w.l(libinit2.o)
    0x08000178   0x08000178   0x00000000   Code   RO         3620    .ARM.Collect$$libinit$$0000000E  c_w.l(libinit2.o)
    0x08000178   0x08000178   0x00000006   Code   RO         3621    .ARM.Collect$$libinit$$0000000F  c_w.l(libinit2.o)
    0x0800017e   0x0800017e   0x00000000   Code   RO         3623    .ARM.Collect$$libinit$$00000011  c_w.l(libinit2.o)
    0x0800017e   0x0800017e   0x0000000c   Code   RO         3624    .ARM.Collect$$libinit$$00000012  c_w.l(libinit2.o)
    0x0800018a   0x0800018a   0x00000000   Code   RO         3625    .ARM.Collect$$libinit$$00000013  c_w.l(libinit2.o)
    0x0800018a   0x0800018a   0x00000000   Code   RO         3627    .ARM.Collect$$libinit$$00000015  c_w.l(libinit2.o)
    0x0800018a   0x0800018a   0x00000000   Code   RO         3629    .ARM.Collect$$libinit$$00000017  c_w.l(libinit2.o)
    0x0800018a   0x0800018a   0x00000000   Code   RO         3631    .ARM.Collect$$libinit$$00000019  c_w.l(libinit2.o)
    0x0800018a   0x0800018a   0x00000000   Code   RO         3633    .ARM.Collect$$libinit$$0000001B  c_w.l(libinit2.o)
    0x0800018a   0x0800018a   0x00000000   Code   RO         3635    .ARM.Collect$$libinit$$0000001D  c_w.l(libinit2.o)
    0x0800018a   0x0800018a   0x00000000   Code   RO         3637    .ARM.Collect$$libinit$$0000001F  c_w.l(libinit2.o)
    0x0800018a   0x0800018a   0x00000000   Code   RO         3639    .ARM.Collect$$libinit$$00000021  c_w.l(libinit2.o)
    0x0800018a   0x0800018a   0x00000000   Code   RO         3641    .ARM.Collect$$libinit$$00000023  c_w.l(libinit2.o)
    0x0800018a   0x0800018a   0x00000000   Code   RO         3643    .ARM.Collect$$libinit$$00000025  c_w.l(libinit2.o)
    0x0800018a   0x0800018a   0x00000000   Code   RO         3647    .ARM.Collect$$libinit$$0000002C  c_w.l(libinit2.o)
    0x0800018a   0x0800018a   0x00000000   Code   RO         3649    .ARM.Collect$$libinit$$0000002E  c_w.l(libinit2.o)
    0x0800018a   0x0800018a   0x00000000   Code   RO         3651    .ARM.Collect$$libinit$$00000030  c_w.l(libinit2.o)
    0x0800018a   0x0800018a   0x00000000   Code   RO         3653    .ARM.Collect$$libinit$$00000032  c_w.l(libinit2.o)
    0x0800018a   0x0800018a   0x00000002   Code   RO         3654    .ARM.Collect$$libinit$$00000033  c_w.l(libinit2.o)
    0x0800018c   0x0800018c   0x00000002   Code   RO         3672    .ARM.Collect$$libshutdown$$00000000  c_w.l(libshutdown.o)
    0x0800018e   0x0800018e   0x00000000   Code   RO         3682    .ARM.Collect$$libshutdown$$00000002  c_w.l(libshutdown2.o)
    0x0800018e   0x0800018e   0x00000000   Code   RO         3684    .ARM.Collect$$libshutdown$$00000004  c_w.l(libshutdown2.o)
    0x0800018e   0x0800018e   0x00000000   Code   RO         3686    .ARM.Collect$$libshutdown$$00000006  c_w.l(libshutdown2.o)
    0x0800018e   0x0800018e   0x00000000   Code   RO         3689    .ARM.Collect$$libshutdown$$00000009  c_w.l(libshutdown2.o)
    0x0800018e   0x0800018e   0x00000000   Code   RO         3692    .ARM.Collect$$libshutdown$$0000000C  c_w.l(libshutdown2.o)
    0x0800018e   0x0800018e   0x00000000   Code   RO         3694    .ARM.Collect$$libshutdown$$0000000E  c_w.l(libshutdown2.o)
    0x0800018e   0x0800018e   0x00000000   Code   RO         3697    .ARM.Collect$$libshutdown$$00000011  c_w.l(libshutdown2.o)
    0x0800018e   0x0800018e   0x00000002   Code   RO         3698    .ARM.Collect$$libshutdown$$00000012  c_w.l(libshutdown2.o)
    0x08000190   0x08000190   0x00000000   Code   RO         3447    .ARM.Collect$$rtentry$$00000000  c_w.l(__rtentry.o)
    0x08000190   0x08000190   0x00000000   Code   RO         3516    .ARM.Collect$$rtentry$$00000002  c_w.l(__rtentry2.o)
    0x08000190   0x08000190   0x00000006   Code   RO         3528    .ARM.Collect$$rtentry$$00000004  c_w.l(__rtentry4.o)
    0x08000196   0x08000196   0x00000000   Code   RO         3518    .ARM.Collect$$rtentry$$00000009  c_w.l(__rtentry2.o)
    0x08000196   0x08000196   0x00000004   Code   RO         3519    .ARM.Collect$$rtentry$$0000000A  c_w.l(__rtentry2.o)
    0x0800019a   0x0800019a   0x00000000   Code   RO         3521    .ARM.Collect$$rtentry$$0000000C  c_w.l(__rtentry2.o)
    0x0800019a   0x0800019a   0x00000008   Code   RO         3522    .ARM.Collect$$rtentry$$0000000D  c_w.l(__rtentry2.o)
    0x080001a2   0x080001a2   0x00000002   Code   RO         3606    .ARM.Collect$$rtexit$$00000000  c_w.l(rtexit.o)
    0x080001a4   0x080001a4   0x00000000   Code   RO         3656    .ARM.Collect$$rtexit$$00000002  c_w.l(rtexit2.o)
    0x080001a4   0x080001a4   0x00000004   Code   RO         3657    .ARM.Collect$$rtexit$$00000003  c_w.l(rtexit2.o)
    0x080001a8   0x080001a8   0x00000006   Code   RO         3658    .ARM.Collect$$rtexit$$00000004  c_w.l(rtexit2.o)
    0x080001ae   0x080001ae   0x00000002   PAD
    0x080001b0   0x080001b0   0x00000040   Code   RO         3104  * .text               startup_stm32f10x_md.o
    0x080001f0   0x080001f0   0x00000018   Code   RO         3380    .text               c_w.l(__2printf.o)
    0x08000208   0x08000208   0x0000004e   Code   RO         3386    .text               c_w.l(_printf_pad.o)
    0x08000256   0x08000256   0x00000052   Code   RO         3388    .text               c_w.l(_printf_str.o)
    0x080002a8   0x080002a8   0x00000078   Code   RO         3390    .text               c_w.l(_printf_dec.o)
    0x08000320   0x08000320   0x00000094   Code   RO         3410    .text               c_w.l(_printf_hex_int_ll_ptr.o)
    0x080003b4   0x080003b4   0x00000188   Code   RO         3430    .text               c_w.l(__printf_flags_ss_wp.o)
    0x0800053c   0x0800053c   0x0000001a   Code   RO         3437    .text               c_w.l(atoi.o)
    0x08000556   0x08000556   0x00000044   Code   RO         3441    .text               c_w.l(rt_memclr.o)
    0x0800059a   0x0800059a   0x00000006   Code   RO         3443    .text               c_w.l(heapauxi.o)
    0x080005a0   0x080005a0   0x00000008   Code   RO         3451    .text               c_w.l(rt_errno_addr_intlibspace.o)
    0x080005a8   0x080005a8   0x000000b2   Code   RO         3455    .text               c_w.l(_printf_intcommon.o)
    0x0800065a   0x0800065a   0x00000002   PAD
    0x0800065c   0x0800065c   0x00000030   Code   RO         3459    .text               c_w.l(_printf_char_common.o)
    0x0800068c   0x0800068c   0x0000002c   Code   RO         3465    .text               c_w.l(_printf_char.o)
    0x080006b8   0x080006b8   0x00000024   Code   RO         3467    .text               c_w.l(_printf_char_file.o)
    0x080006dc   0x080006dc   0x00000070   Code   RO         3500    .text               c_w.l(strtol.o)
    0x0800074c   0x0800074c   0x0000004e   Code   RO         3502    .text               c_w.l(rt_memclr_w.o)
    0x0800079a   0x0800079a   0x00000002   PAD
    0x0800079c   0x0800079c   0x00000008   Code   RO         3512    .text               c_w.l(libspace.o)
    0x080007a4   0x080007a4   0x00000010   Code   RO         3530    .text               c_w.l(rt_ctype_table.o)
    0x080007b4   0x080007b4   0x0000009e   Code   RO         3543    .text               c_w.l(_strtoul.o)
    0x08000852   0x08000852   0x00000008   Code   RO         3545    .text               c_w.l(ferror.o)
    0x0800085a   0x0800085a   0x0000004a   Code   RO         3551    .text               c_w.l(sys_stackheap_outer.o)
    0x080008a4   0x080008a4   0x00000008   Code   RO         3556    .text               c_w.l(rt_locale_intlibspace.o)
    0x080008ac   0x080008ac   0x0000001c   Code   RO         3560    .text               c_w.l(_chval.o)
    0x080008c8   0x080008c8   0x00000012   Code   RO         3593    .text               c_w.l(exit.o)
    0x080008da   0x080008da   0x00000002   PAD
    0x080008dc   0x080008dc   0x00000080   Code   RO         3608    .text               c_w.l(strcmpv7m.o)
    0x0800095c   0x0800095c   0x00000004   Code   RO         3154    i.BusFault_Handler  stm32f10x_it.o
    0x08000960   0x08000960   0x00000002   Code   RO         3155    i.DebugMon_Handler  stm32f10x_it.o
    0x08000962   0x08000962   0x00000116   Code   RO         1285    i.GPIO_Init         stm32f10x_gpio.o
    0x08000a78   0x08000a78   0x00000004   Code   RO         1292    i.GPIO_ResetBits    stm32f10x_gpio.o
    0x08000a7c   0x08000a7c   0x00000004   Code   RO         3156    i.HardFault_Handler  stm32f10x_it.o
    0x08000a80   0x08000a80   0x00000004   Code   RO         3157    i.MemManage_Handler  stm32f10x_it.o
    0x08000a84   0x08000a84   0x00000002   Code   RO         3158    i.NMI_Handler       stm32f10x_it.o
    0x08000a86   0x08000a86   0x00000002   PAD
    0x08000a88   0x08000a88   0x00000070   Code   RO          130    i.NVIC_Init         misc.o
    0x08000af8   0x08000af8   0x00000002   Code   RO         3159    i.PendSV_Handler    stm32f10x_it.o
    0x08000afa   0x08000afa   0x00000002   PAD
    0x08000afc   0x08000afc   0x00000020   Code   RO         1701    i.RCC_APB1PeriphClockCmd  stm32f10x_rcc.o
    0x08000b1c   0x08000b1c   0x00000020   Code   RO         1703    i.RCC_APB2PeriphClockCmd  stm32f10x_rcc.o
    0x08000b3c   0x08000b3c   0x000000d4   Code   RO         1711    i.RCC_GetClocksFreq  stm32f10x_rcc.o
    0x08000c10   0x08000c10   0x00000002   Code   RO         3160    i.SVC_Handler       stm32f10x_it.o
    0x08000c12   0x08000c12   0x00000008   Code   RO           17    i.SetSysClock       system_stm32f10x.o
    0x08000c1a   0x08000c1a   0x00000002   PAD
    0x08000c1c   0x08000c1c   0x000000e0   Code   RO           18    i.SetSysClockTo72   system_stm32f10x.o
    0x08000cfc   0x08000cfc   0x0000000c   Code   RO         3220    i.Steer_GetPan      steer.o
    0x08000d08   0x08000d08   0x0000000c   Code   RO         3221    i.Steer_GetTilt     steer.o
    0x08000d14   0x08000d14   0x000000c8   Code   RO         3222    i.Steer_Init        steer.o
    0x08000ddc   0x08000ddc   0x00000048   Code   RO         3223    i.Steer_SetBoth     steer.o
    0x08000e24   0x08000e24   0x00000028   Code   RO         3224    i.Steer_SetPan      steer.o
    0x08000e4c   0x08000e4c   0x00000028   Code   RO         3225    i.Steer_SetTilt     steer.o
    0x08000e74   0x08000e74   0x00000002   Code   RO         3161    i.SysTick_Handler   stm32f10x_it.o
    0x08000e76   0x08000e76   0x00000002   PAD
    0x08000e78   0x08000e78   0x00000060   Code   RO           20    i.SystemInit        system_stm32f10x.o
    0x08000ed8   0x08000ed8   0x00000018   Code   RO         2323    i.TIM_ARRPreloadConfig  stm32f10x_tim.o
    0x08000ef0   0x08000ef0   0x00000018   Code   RO         2335    i.TIM_Cmd           stm32f10x_tim.o
    0x08000f08   0x08000f08   0x00000098   Code   RO         2364    i.TIM_OC1Init       stm32f10x_tim.o
    0x08000fa0   0x08000fa0   0x00000012   Code   RO         2367    i.TIM_OC1PreloadConfig  stm32f10x_tim.o
    0x08000fb2   0x08000fb2   0x00000002   PAD
    0x08000fb4   0x08000fb4   0x000000a4   Code   RO         2369    i.TIM_OC2Init       stm32f10x_tim.o
    0x08001058   0x08001058   0x0000001a   Code   RO         2372    i.TIM_OC2PreloadConfig  stm32f10x_tim.o
    0x08001072   0x08001072   0x00000004   Code   RO         2396    i.TIM_SetCompare1   stm32f10x_tim.o
    0x08001076   0x08001076   0x00000004   Code   RO         2397    i.TIM_SetCompare2   stm32f10x_tim.o
    0x0800107a   0x0800107a   0x00000002   PAD
    0x0800107c   0x0800107c   0x000000a4   Code   RO         2406    i.TIM_TimeBaseInit  stm32f10x_tim.o
    0x08001120   0x08001120   0x00000010   Code   RO         3269    i.UART_GetOverflow  usart.o
    0x08001130   0x08001130   0x00000044   Code   RO         3270    i.UART_ReadByte     usart.o
    0x08001174   0x08001174   0x00000064   Code   RO         3271    i.USART1_IRQHandler  usart.o
    0x080011d8   0x080011d8   0x000000a4   Code   RO         3272    i.USART1_Init       usart.o
    0x0800127c   0x0800127c   0x00000018   Code   RO         2871    i.USART_Cmd         stm32f10x_usart.o
    0x08001294   0x08001294   0x00000054   Code   RO         2875    i.USART_GetITStatus  stm32f10x_usart.o
    0x080012e8   0x080012e8   0x0000004a   Code   RO         2877    i.USART_ITConfig    stm32f10x_usart.o
    0x08001332   0x08001332   0x00000002   PAD
    0x08001334   0x08001334   0x000000d8   Code   RO         2878    i.USART_Init        stm32f10x_usart.o
    0x0800140c   0x0800140c   0x0000000a   Code   RO         2885    i.USART_ReceiveData  stm32f10x_usart.o
    0x08001416   0x08001416   0x00000004   Code   RO         3162    i.UsageFault_Handler  stm32f10x_it.o
    0x0800141a   0x0800141a   0x0000000e   Code   RO         3423    i._is_digit         c_w.l(__printf_wp.o)
    0x08001428   0x08001428   0x00000004   Code   RO         3274    i._sys_exit         usart.o
    0x0800142c   0x0800142c   0x0000001c   Code   RO         3226    i.angle_to_pulse    steer.o
    0x08001448   0x08001448   0x00000002   Code   RO         3328    i.delay_init        delay.o
    0x0800144a   0x0800144a   0x0000001a   Code   RO         3329    i.delay_ms          delay.o
    0x08001464   0x08001464   0x0000002e   Code   RO         3331    i.delay_us          delay.o
    0x08001492   0x08001492   0x00000002   PAD
    0x08001494   0x08001494   0x0000001c   Code   RO         3275    i.fputc             usart.o
    0x080014b0   0x080014b0   0x000001fc   Code   RO         3108    i.main              main.o
    0x080016ac   0x080016ac   0x00000234   Code   RO         3109    i.parse_command     main.o
    0x080018e0   0x080018e0   0x0000002c   Code   RO         3588    locale$$code        c_w.l(lc_ctype_c.o)
    0x0800190c   0x0800190c   0x00000028   Data   RO         3411    .constdata          c_w.l(_printf_hex_int_ll_ptr.o)
    0x08001934   0x08001934   0x00000011   Data   RO         3431    .constdata          c_w.l(__printf_flags_ss_wp.o)
    0x08001945   0x08001945   0x00000003   PAD
    0x08001948   0x08001948   0x00000020   Data   RO         3732    Region$$Table       anon$$obj.o
    0x08001968   0x08001968   0x00000110   Data   RO         3587    locale$$data        c_w.l(lc_ctype_c.o)


    Execution Region ER_RW (Exec base: 0x20000000, Load base: 0x08001a78, Size: 0x00000028, Max: 0xffffffff, ABSOLUTE)

    Exec Addr    Load Addr    Size         Type   Attr      Idx    E Section Name        Object

    0x20000000   0x08001a78   0x00000014   Data   RW         1731    .data               stm32f10x_rcc.o
    0x20000014   0x08001a8c   0x00000001   Data   RW         3111    .data               main.o
    0x20000015   0x08001a8d   0x00000001   PAD
    0x20000016   0x08001a8e   0x00000004   Data   RW         3227    .data               steer.o
    0x2000001a   0x08001a92   0x00000002   PAD
    0x2000001c   0x08001a94   0x0000000c   Data   RW         3277    .data               usart.o


    Execution Region ER_ZI (Exec base: 0x20000028, Load base: 0x08001aa0, Size: 0x000006f0, Max: 0xffffffff, ABSOLUTE)

    Exec Addr    Load Addr    Size         Type   Attr      Idx    E Section Name        Object

    0x20000028        -       0x00000010   Zero   RW         3110    .bss                main.o
    0x20000038        -       0x00000080   Zero   RW         3276    .bss                usart.o
    0x200000b8        -       0x00000060   Zero   RW         3513    .bss                c_w.l(libspace.o)
    0x20000118        -       0x00000200   Zero   RW         3102    HEAP                startup_stm32f10x_md.o
    0x20000318        -       0x00000400   Zero   RW         3101    STACK               startup_stm32f10x_md.o


==============================================================================

Image component sizes


      Code (inc. data)   RO Data    RW Data    ZI Data      Debug   Object Name

         0          0          0          0          0       4540   core_cm3.o
        74          0          0          0          0       1431   delay.o
      1072        492          0          1         16       2557   main.o
       112         12          0          0          0        984   misc.o
        64         26        236          0       1536        816   startup_stm32f10x_md.o
       404         36          0          4          0       4023   steer.o
       282          0          0          0          0       2453   stm32f10x_gpio.o
        26          0          0          0          0       3974   stm32f10x_it.o
       276         32          0         20          0       4370   stm32f10x_rcc.o
       580         72          0          0          0       5870   stm32f10x_tim.o
       408          6          0          0          0       4918   stm32f10x_usart.o
       328         28          0          0          0     248789   system_stm32f10x.o
       380         52          0         12        128       5827   usart.o

    ----------------------------------------------------------------------
      4022        756        268         40       1680     290552   Object Totals
         0          0         32          0          0          0   (incl. Generated)
        16          0          0          3          0          0   (incl. Padding)

    ----------------------------------------------------------------------

      Code (inc. data)   RO Data    RW Data    ZI Data      Debug   Library Member Name

        24          4          0          0          0         84   __2printf.o
         8          0          0          0          0         68   __main.o
       392          4         17          0          0         92   __printf_flags_ss_wp.o
        14          0          0          0          0         68   __printf_wp.o
         0          0          0          0          0          0   __rtentry.o
        12          0          0          0          0          0   __rtentry2.o
         6          0          0          0          0          0   __rtentry4.o
        52          8          0          0          0          0   __scatter.o
        26          0          0          0          0          0   __scatter_copy.o
        28          0          0          0          0          0   __scatter_zi.o
        28          0          0          0          0         68   _chval.o
         6          0          0          0          0          0   _printf_c.o
        44          0          0          0          0        108   _printf_char.o
        48          6          0          0          0         96   _printf_char_common.o
        36          4          0          0          0         80   _printf_char_file.o
         6          0          0          0          0          0   _printf_d.o
       120         16          0          0          0         92   _printf_dec.o
       148          4         40          0          0        160   _printf_hex_int_ll_ptr.o
       178          0          0          0          0         88   _printf_intcommon.o
        78          0          0          0          0        108   _printf_pad.o
         0          0          0          0          0          0   _printf_percent.o
         4          0          0          0          0          0   _printf_percent_end.o
        82          0          0          0          0         80   _printf_str.o
         6          0          0          0          0          0   _printf_x.o
       158          0          0          0          0         92   _strtoul.o
        26          0          0          0          0         80   atoi.o
        18          0          0          0          0         80   exit.o
         8          0          0          0          0         68   ferror.o
         6          0          0          0          0        152   heapauxi.o
        44         10        272          0          0         76   lc_ctype_c.o
         2          0          0          0          0          0   libinit.o
        20          0          0          0          0          0   libinit2.o
         2          0          0          0          0          0   libshutdown.o
         2          0          0          0          0          0   libshutdown2.o
         8          4          0          0         96         68   libspace.o
        16          4          0          0          0         76   rt_ctype_table.o
         8          4          0          0          0         68   rt_errno_addr_intlibspace.o
         8          4          0          0          0         68   rt_locale_intlibspace.o
        68          0          0          0          0         68   rt_memclr.o
        78          0          0          0          0         80   rt_memclr_w.o
         2          0          0          0          0          0   rtexit.o
        10          0          0          0          0          0   rtexit2.o
       128          0          0          0          0         68   strcmpv7m.o
       112          0          0          0          0         88   strtol.o
        74          0          0          0          0         80   sys_stackheap_outer.o

    ----------------------------------------------------------------------
      2154         72        332          0         96       2404   Library Totals
        10          0          3          0          0          0   (incl. Padding)

    ----------------------------------------------------------------------

      Code (inc. data)   RO Data    RW Data    ZI Data      Debug   Library Name

      2144         72        329          0         96       2404   c_w.l

    ----------------------------------------------------------------------
      2154         72        332          0         96       2404   Library Totals

    ----------------------------------------------------------------------

==============================================================================


      Code (inc. data)   RO Data    RW Data    ZI Data      Debug   

      6176        828        600         40       1776     289364   Grand Totals
      6176        828        600         40       1776     289364   ELF Image Totals
      6176        828        600         40          0          0   ROM Totals

==============================================================================

    Total RO  Size (Code + RO Data)                 6776 (   6.62kB)
    Total RW  Size (RW Data + ZI Data)              1816 (   1.77kB)
    Total ROM Size (Code + RO Data + RW Data)       6816 (   6.66kB)

==============================================================================

